Component: ARM Compiler 6.7 Tool: armlink [5c9ef700]

==============================================================================

Section Cross References

    startup_stm32h743xx.o(RESET) refers to startup_stm32h743xx.o(STACK) for __initial_sp
    startup_stm32h743xx.o(RESET) refers to startup_stm32h743xx.o(.text) for Reset_Handler
    startup_stm32h743xx.o(RESET) refers to stm32h7xx_it.o(.text.NMI_Handler) for NMI_Handler
    startup_stm32h743xx.o(RESET) refers to stm32h7xx_it.o(.text.HardFault_Handler) for HardFault_Handler
    startup_stm32h743xx.o(RESET) refers to stm32h7xx_it.o(.text.MemManage_Handler) for MemManage_Handler
    startup_stm32h743xx.o(RESET) refers to stm32h7xx_it.o(.text.BusFault_Handler) for BusFault_Handler
    startup_stm32h743xx.o(RESET) refers to stm32h7xx_it.o(.text.UsageFault_Handler) for UsageFault_Handler
    startup_stm32h743xx.o(RESET) refers to stm32h7xx_it.o(.text.SVC_Handler) for SVC_Handler
    startup_stm32h743xx.o(RESET) refers to stm32h7xx_it.o(.text.DebugMon_Handler) for DebugMon_Handler
    startup_stm32h743xx.o(RESET) refers to stm32h7xx_it.o(.text.PendSV_Handler) for PendSV_Handler
    startup_stm32h743xx.o(RESET) refers to stm32h7xx_it.o(.text.SysTick_Handler) for SysTick_Handler
    startup_stm32h743xx.o(RESET) refers to stm32h7xx_it.o(.text.DMA1_Stream0_IRQHandler) for DMA1_Stream0_IRQHandler
    startup_stm32h743xx.o(RESET) refers to stm32h7xx_it.o(.text.DMA1_Stream1_IRQHandler) for DMA1_Stream1_IRQHandler
    startup_stm32h743xx.o(RESET) refers to stm32h7xx_it.o(.text.DMA1_Stream2_IRQHandler) for DMA1_Stream2_IRQHandler
    startup_stm32h743xx.o(RESET) refers to stm32h7xx_it.o(.text.USART3_IRQHandler) for USART3_IRQHandler
    startup_stm32h743xx.o(.text) refers to system_stm32h7xx.o(.text.ExitRun0Mode) for ExitRun0Mode
    startup_stm32h743xx.o(.text) refers to system_stm32h7xx.o(.text.SystemInit) for SystemInit
    startup_stm32h743xx.o(.text) refers to entry.o(.ARM.Collect$$$$00000000) for __main
    main.o(.text.App_process) refers to main.o(.bss.g_SystemState) for g_SystemState
    main.o(.text.App_process) refers to main.o(.bss.adc_dma_finish) for adc_dma_finish
    main.o(.text.App_process) refers to main.o(.bss.Wave_origin) for Wave_origin
    main.o(.text.App_process) refers to main.o(.bss.Wave_noise) for Wave_noise
    main.o(.text.App_process) refers to tasks.o(.text.FFT_Task) for FFT_Task
    main.o(.text.App_process) refers to tasks.o(.text.Calc_Noice_Energy) for Calc_Noice_Energy
    main.o(.text.App_process) refers to tasks.o(.text.Send_Wave) for Send_Wave
    main.o(.text.App_process) refers to tasks.o(.text.USART_Task) for USART_Task
    main.o(.text.App_process) refers to hmi.o(.text.HMI_send_string) for HMI_send_string
    main.o(.text.App_process) refers to tasks.o(.text.Start_ADC_DMA) for Start_ADC_DMA
    main.o(.ARM.exidx.text.App_process) refers to main.o(.text.App_process) for [Anonymous Symbol]
    main.o(.text.main) refers to stm32h7xx_hal_cortex.o(.text.HAL_MPU_Disable) for HAL_MPU_Disable
    main.o(.text.main) refers to stm32h7xx_hal_cortex.o(.text.HAL_MPU_ConfigRegion) for HAL_MPU_ConfigRegion
    main.o(.text.main) refers to stm32h7xx_hal_cortex.o(.text.HAL_MPU_Enable) for HAL_MPU_Enable
    main.o(.text.main) refers to stm32h7xx_hal.o(.text.HAL_Init) for HAL_Init
    main.o(.text.main) refers to main.o(.text.SystemClock_Config) for SystemClock_Config
    main.o(.text.main) refers to memseta.o(.text) for __aeabi_memclr8
    main.o(.text.main) refers to stm32h7xx_hal_rcc_ex.o(.text.HAL_RCCEx_PeriphCLKConfig) for HAL_RCCEx_PeriphCLKConfig
    main.o(.text.main) refers to gpio.o(.text.MX_GPIO_Init) for MX_GPIO_Init
    main.o(.text.main) refers to dma.o(.text.MX_DMA_Init) for MX_DMA_Init
    main.o(.text.main) refers to adc.o(.text.MX_ADC1_Init) for MX_ADC1_Init
    main.o(.text.main) refers to tim.o(.text.MX_TIM3_Init) for MX_TIM3_Init
    main.o(.text.main) refers to tim.o(.text.MX_TIM2_Init) for MX_TIM2_Init
    main.o(.text.main) refers to usart.o(.text.MX_USART3_UART_Init) for MX_USART3_UART_Init
    main.o(.text.main) refers to adc.o(.text.MX_ADC2_Init) for MX_ADC2_Init
    main.o(.text.main) refers to tim.o(.text.MX_TIM1_Init) for MX_TIM1_Init
    main.o(.text.main) refers to usart.o(.bss.huart3) for huart3
    main.o(.text.main) refers to main.o(.bss.aRxBuffer) for aRxBuffer
    main.o(.text.main) refers to stm32h7xx_hal_uart_ex.o(.text.HAL_UARTEx_ReceiveToIdle_IT) for HAL_UARTEx_ReceiveToIdle_IT
    main.o(.text.main) refers to ad9910.o(.text.Init_AD9910) for Init_AD9910
    main.o(.text.main) refers to adc.o(.bss.hadc2) for hadc2
    main.o(.text.main) refers to main.o(.AXI_SRAM) for adc2_buffer
    main.o(.text.main) refers to stm32h7xx_hal_adc.o(.text.HAL_ADC_Start_DMA) for HAL_ADC_Start_DMA
    main.o(.text.main) refers to tim.o(.bss.htim1) for htim1
    main.o(.text.main) refers to stm32h7xx_hal_tim.o(.text.HAL_TIM_Base_Start) for HAL_TIM_Base_Start
[...]
    [Anonymous Symbol]                       0x08004510   Section        0  stm32h7xx_hal_cortex.o(.text.HAL_NVIC_EnableIRQ)
    [Anonymous Symbol]                       0x08004530   Section        0  stm32h7xx_hal_cortex.o(.text.HAL_NVIC_SetPriority)
    [Anonymous Symbol]                       0x08004598   Section        0  stm32h7xx_hal_cortex.o(.text.HAL_NVIC_SetPriorityGrouping)
    [Anonymous Symbol]                       0x080045b8   Section        0  stm32h7xx_hal_pwr_ex.o(.text.HAL_PWREx_ConfigSupply)
    [Anonymous Symbol]                       0x08004608   Section        0  stm32h7xx_hal_rcc_ex.o(.text.HAL_RCCEx_GetD3PCLK1Freq)
    [Anonymous Symbol]                       0x08004630   Section        0  stm32h7xx_hal_rcc_ex.o(.text.HAL_RCCEx_GetPLL1ClockFreq)
    [Anonymous Symbol]                       0x080047b0   Section        0  stm32h7xx_hal_rcc_ex.o(.text.HAL_RCCEx_GetPLL2ClockFreq)
    [Anonymous Symbol]                       0x08004920   Section        0  stm32h7xx_hal_rcc_ex.o(.text.HAL_RCCEx_GetPLL3ClockFreq)
    [Anonymous Symbol]                       0x08004a90   Section        0  stm32h7xx_hal_rcc_ex.o(.text.HAL_RCCEx_GetPeriphCLKFreq)
    [Anonymous Symbol]                       0x08004f18   Section        0  stm32h7xx_hal_rcc_ex.o(.text.HAL_RCCEx_PeriphCLKConfig)
    [Anonymous Symbol]                       0x080058f0   Section        0  stm32h7xx_hal_rcc.o(.text.HAL_RCC_ClockConfig)
    [Anonymous Symbol]                       0x08005ba0   Section        0  stm32h7xx_hal_rcc.o(.text.HAL_RCC_GetHCLKFreq)
    [Anonymous Symbol]                       0x08005bf0   Section        0  stm32h7xx_hal_rcc.o(.text.HAL_RCC_GetPCLK1Freq)
    [Anonymous Symbol]                       0x08005c50   Section        0  stm32h7xx_hal_rcc.o(.text.HAL_RCC_GetPCLK2Freq)
    [Anonymous Symbol]                       0x08005cb0   Section        0  stm32h7xx_hal_rcc.o(.text.HAL_RCC_GetSysClockFreq)
    [Anonymous Symbol]                       0x08005e18   Section        0  stm32h7xx_hal_rcc.o(.text.HAL_RCC_OscConfig)
    [Anonymous Symbol]                       0x08006398   Section        0  stm32h7xx_hal_cortex.o(.text.HAL_SYSTICK_Config)
    [Anonymous Symbol]                       0x080063c8   Section        0  stm32h7xx_hal_tim_ex.o(.text.HAL_TIMEx_MasterConfigSynchronization)
    [Anonymous Symbol]                       0x08006498   Section        0  stm32h7xx_hal_tim.o(.text.HAL_TIM_Base_Init)
    [Anonymous Symbol]                       0x08006638   Section        0  tim.o(.text.HAL_TIM_Base_MspInit)
    [Anonymous Symbol]                       0x080066e8   Section        0  stm32h7xx_hal_tim.o(.text.HAL_TIM_Base_Start)
    [Anonymous Symbol]                       0x08006790   Section        0  stm32h7xx_hal_tim.o(.text.HAL_TIM_Base_Stop)
    [Anonymous Symbol]                       0x080067b8   Section        0  stm32h7xx_hal_tim.o(.text.HAL_TIM_ConfigClockSource)
    [Anonymous Symbol]                       0x08006990   Section        0  stm32h7xx_hal_tim.o(.text.HAL_TIM_PWM_ConfigChannel)
    [Anonymous Symbol]                       0x08006e38   Section        0  stm32h7xx_hal_tim.o(.text.HAL_TIM_PWM_Init)
    [Anonymous Symbol]                       0x08006fd8   Section        0  stm32h7xx_hal_tim.o(.text.HAL_TIM_PWM_MspInit)
    [Anonymous Symbol]                       0x08006fe0   Section        0  stm32h7xx_hal_uart_ex.o(.text.HAL_UARTEx_DisableFifoMode)
    [Anonymous Symbol]                       0x08007018   Section        0  stm32h7xx_hal_uart_ex.o(.text.HAL_UARTEx_ReceiveToIdle_IT)
    [Anonymous Symbol]                       0x08007088   Section        0  main.o(.text.HAL_UARTEx_RxEventCallback)
    [Anonymous Symbol]                       0x08007120   Section        0  stm32h7xx_hal_uart_ex.o(.text.HAL_UARTEx_RxFifoFullCallback)
    [Anonymous Symbol]                       0x08007128   Section        0  stm32h7xx_hal_uart_ex.o(.text.HAL_UARTEx_SetRxFifoThreshold)
    [Anonymous Symbol]                       0x080071b8   Section        0  stm32h7xx_hal_uart_ex.o(.text.HAL_UARTEx_SetTxFifoThreshold)
    [Anonymous Symbol]                       0x08007248   Section        0  stm32h7xx_hal_uart_ex.o(.text.HAL_UARTEx_TxFifoEmptyCallback)
    [Anonymous Symbol]                       0x08007250   Section        0  stm32h7xx_hal_uart_ex.o(.text.HAL_UARTEx_WakeupCallback)
    [Anonymous Symbol]                       0x08007258   Section        0  stm32h7xx_hal_uart.o(.text.HAL_UART_ErrorCallback)
    [Anonymous Symbol]                       0x08007260   Section        0  stm32h7xx_hal_uart.o(.text.HAL_UART_IRQHandler)
    [Anonymous Symbol]                       0x080076f0   Section        0  stm32h7xx_hal_uart.o(.text.HAL_UART_Init)
    [Anonymous Symbol]                       0x08007758   Section        0  usart.o(.text.HAL_UART_MspInit)
    [Anonymous Symbol]                       0x08007800   Section        0  stm32h7xx_hal_uart.o(.text.HAL_UART_RxCpltCallback)
    [Anonymous Symbol]                       0x08007808   Section        0  stm32h7xx_hal_uart.o(.text.HAL_UART_Transmit)
    [Anonymous Symbol]                       0x080078f8   Section        0  stm32h7xx_hal_uart.o(.text.HAL_UART_TxCpltCallback)
    [Anonymous Symbol]                       0x08007900   Section        0  hmi.o(.text.HMI_Init)
    [Anonymous Symbol]                       0x08007988   Section        0  hmi.o(.text.HMI_send_string)
    [Anonymous Symbol]                       0x08007998   Section        0  stm32h7xx_it.o(.text.HardFault_Handler)
    [Anonymous Symbol]                       0x080079a0   Section        0  ad9910.o(.text.Init_AD9910)
    [Anonymous Symbol]                       0x080082e0   Section        0  adc.o(.text.MX_ADC1_Init)
    [Anonymous Symbol]                       0x080083a0   Section        0  adc.o(.text.MX_ADC2_Init)
    [Anonymous Symbol]                       0x08008438   Section        0  dma.o(.text.MX_DMA_Init)
    [Anonymous Symbol]                       0x08008490   Section        0  gpio.o(.text.MX_GPIO_Init)
    [Anonymous Symbol]                       0x080085c8   Section        0  tim.o(.text.MX_TIM1_Init)
    [Anonymous Symbol]                       0x08008650   Section        0  tim.o(.text.MX_TIM2_Init)
    [Anonymous Symbol]                       0x08008760   Section        0  tim.o(.text.MX_TIM3_Init)
    [Anonymous Symbol]                       0x080087e8   Section        0  usart.o(.text.MX_USART3_UART_Init)
    [Anonymous Symbol]                       0x08008870   Section        0  stm32h7xx_it.o(.text.MemManage_Handler)
    [Anonymous Symbol]                       0x08008878   Section        0  stm32h7xx_it.o(.text.NMI_Handler)
    [Anonymous Symbol]                       0x08008880   Section        0  stm32h7xx_it.o(.text.PendSV_Handler)
    [Anonymous Symbol]                       0x08008888   Section        0  stm32h7xx_hal_rcc_ex.o(.text.RCCEx_PLL2_Config)
    RCCEx_PLL2_Config                        0x08008889   Thumb Code   296  stm32h7xx_hal_rcc_ex.o(.text.RCCEx_PLL2_Config)
    [Anonymous Symbol]                       0x080089b0   Section        0  stm32h7xx_hal_rcc_ex.o(.text.RCCEx_PLL3_Config)
    RCCEx_PLL3_Config                        0x080089b1   Thumb Code   296  stm32h7xx_hal_rcc_ex.o(.text.RCCEx_PLL3_Config)
    [Anonymous Symbol]                       0x08008ad8   Section        0  stm32h7xx_it.o(.text.SVC_Handler)
    [Anonymous Symbol]                       0x08008ae0   Section        0  tasks.o(.text.Send_Wave)
    [Anonymous Symbol]                       0x08008b18   Section        0  tasks.o(.text.Start_ADC_DMA)
    [Anonymous Symbol]                       0x08008b48   Section        0  stm32h7xx_it.o(.text.SysTick_Handler)
    [Anonymous Symbol]                       0x08008b50   Section        0  main.o(.text.SystemClock_Config)
    [Anonymous Symbol]                       0x08008c10   Section        0  system_stm32h7xx.o(.text.SystemInit)
    [Anonymous Symbol]                       0x08008d00   Section        0  ad9910.o(.text.Txfrc)
    [Anonymous Symbol]                       0x08008dc8   Section        0  hmi.o(.text.UART3_Printf)
    [Anonymous Symbol]                       0x08008e20   Section        0  stm32h7xx_hal_uart.o(.text.UART_AdvFeatureConfig)
    [Anonymous Symbol]                       0x08008f10   Section        0  stm32h7xx_hal_uart.o(.text.UART_CheckIdleState)
    [Anonymous Symbol]                       0x08008fd8   Section        0  stm32h7xx_hal_uart.o(.text.UART_DMAAbortOnError)
    UART_DMAAbortOnError                     0x08008fd9   Thumb Code    12  stm32h7xx_hal_uart.o(.text.UART_DMAAbortOnError)
    [Anonymous Symbol]                       0x08008fe8   Section        0  stm32h7xx_hal_uart.o(.text.UART_RxISR_16BIT)
    UART_RxISR_16BIT                         0x08008fe9   Thumb Code   212  stm32h7xx_hal_uart.o(.text.UART_RxISR_16BIT)
    [Anonymous Symbol]                       0x080090c0   Section        0  stm32h7xx_hal_uart.o(.text.UART_RxISR_16BIT_FIFOEN)
    UART_RxISR_16BIT_FIFOEN                  0x080090c1   Thumb Code   458  stm32h7xx_hal_uart.o(.text.UART_RxISR_16BIT_FIFOEN)
    [Anonymous Symbol]                       0x08009290   Section        0  stm32h7xx_hal_uart.o(.text.UART_RxISR_8BIT)
    UART_RxISR_8BIT                          0x08009291   Thumb Code   212  stm32h7xx_hal_uart.o(.text.UART_RxISR_8BIT)
    [Anonymous Symbol]                       0x08009368   Section        0  stm32h7xx_hal_uart.o(.text.UART_RxISR_8BIT_FIFOEN)
    UART_RxISR_8BIT_FIFOEN                   0x08009369   Thumb Code   462  stm32h7xx_hal_uart.o(.text.UART_RxISR_8BIT_FIFOEN)
    [Anonymous Symbol]                       0x08009538   Section        0  stm32h7xx_hal_uart.o(.text.UART_SetConfig)
    [Anonymous Symbol]                       0x08009ad8   Section        0  stm32h7xx_hal_uart.o(.text.UART_Start_Receive_IT)
    [Anonymous Symbol]                       0x08009c20   Section        0  stm32h7xx_hal_uart.o(.text.UART_WaitOnFlagUntilTimeout)
    [Anonymous Symbol]                       0x08009d78   Section        0  stm32h7xx_it.o(.text.USART3_IRQHandler)
    [Anonymous Symbol]                       0x08009d88   Section        0  tasks.o(.text.USART_Task)
    [Anonymous Symbol]                       0x08009d90   Section        0  stm32h7xx_it.o(.text.UsageFault_Handler)
    [Anonymous Symbol]                       0x08009d98   Section        0  arm_bitreversal2_extra.o(.text.arm_bitreversal_32_extra)
    [Anonymous Symbol]                       0x08009de0   Section        0  arm_cfft_f32_extra.o(.text.arm_cfft_f32_extra)
    [Anonymous Symbol]                       0x08009ee0   Section        0  arm_cfft_f32_extra.o(.text.arm_cfft_radix8by2_f32_extra)
    [Anonymous Symbol]                       0x0800a068   Section        0  arm_cfft_f32_extra.o(.text.arm_cfft_radix8by4_f32_extra)
    [Anonymous Symbol]                       0x0800a498   Section        0  fftana.o(.text.fft_process)
    [Anonymous Symbol]                       0x0800a5b8   Section        0  fftana.o(.text.get_max_3)
    [Anonymous Symbol]                       0x0800a720   Section        0  main.o(.text.main)
    [Anonymous Symbol]                       0x0800a8b8   Section        0  fftana.o(.text.process_data)
    [Anonymous Symbol]                       0x0800a928   Section        0  fftana.o(.text.regurlize_mag)
    i.__0vsnprintf                           0x0800a968   Section        0  printfa.o(i.__0vsnprintf)
    i.__ARM_fpclassify                       0x0800a994   Section        0  fpclassify.o(i.__ARM_fpclassify)
    i.__hardfp_atan                          0x0800a9c8   Section        0  atan.o(i.__hardfp_atan)
    i.__hardfp_atan2                         0x0800aba0   Section        0  atan2.o(i.__hardfp_atan2)
    i.__hardfp_sqrtf                         0x0800ad60   Section        0  sqrtf.o(i.__hardfp_sqrtf)
    i.__kernel_poly                          0x0800ad9a   Section        0  poly.o(i.__kernel_poly)
    i.__mathlib_dbl_infnan                   0x0800ae0a   Section        0  dunder.o(i.__mathlib_dbl_infnan)
    i.__mathlib_dbl_infnan2                  0x0800ae10   Section        0  dunder.o(i.__mathlib_dbl_infnan2)
    i.__mathlib_dbl_underflow                0x0800ae18   Section        0  dunder.o(i.__mathlib_dbl_underflow)
    i.__scatterload_copy                     0x0800ae30   Section       14  handlers.o(i.__scatterload_copy)
    i.__scatterload_null                     0x0800ae3e   Section        2  handlers.o(i.__scatterload_null)
    i.__scatterload_zeroinit                 0x0800ae40   Section       14  handlers.o(i.__scatterload_zeroinit)
    i.__set_errno                            0x0800ae50   Section        0  errno.o(i.__set_errno)
    i._fp_digits                             0x0800ae5c   Section        0  printfa.o(i._fp_digits)
    _fp_digits                               0x0800ae5d   Thumb Code   366  printfa.o(i._fp_digits)
    i._printf_core                           0x0800afe0   Section        0  printfa.o(i._printf_core)
    _printf_core                             0x0800afe1   Thumb Code  1744  printfa.o(i._printf_core)
    i._printf_post_padding                   0x0800b6bc   Section        0  printfa.o(i._printf_post_padding)
    _printf_post_padding                     0x0800b6bd   Thumb Code    36  printfa.o(i._printf_post_padding)
    i._printf_pre_padding                    0x0800b6e0   Section        0  printfa.o(i._printf_pre_padding)
    _printf_pre_padding                      0x0800b6e1   Thumb Code    46  printfa.o(i._printf_pre_padding)
    i._snputc                                0x0800b70e   Section        0  printfa.o(i._snputc)
    _snputc                                  0x0800b70f   Thumb Code    22  printfa.o(i._snputc)
    i.atan                                   0x0800b724   Section        0  atan.o(i.atan)
    i.fabs                                   0x0800b734   Section        0  fabs.o(i.fabs)
    .constdata                               0x0800b750   Section      152  atan.o(.constdata)
    atanhi                                   0x0800b750   Data          32  atan.o(.constdata)
    atanlo                                   0x0800b770   Data          32  atan.o(.constdata)
    aTodd                                    0x0800b790   Data          40  atan.o(.constdata)
    aTeven                                   0x0800b7b8   Data          48  atan.o(.constdata)
    .constdata                               0x0800b7e8   Section        8  qnan.o(.constdata)
    DMA_CalcBaseAndBitshift.flagBitshiftOffset 0x08019be8   Data           8  stm32h7xx_hal_dma.o(.rodata.cst8)
    UARTEx_SetNbDataToProcess.numerator      0x08019bf0   Data           8  stm32h7xx_hal_uart_ex.o(.rodata.cst8)
    UARTEx_SetNbDataToProcess.denominator    0x08019bf8   Data           8  stm32h7xx_hal_uart_ex.o(.rodata.cst8)
    [Anonymous Symbol]                       0x08019c00   Section        0  hmi.o(.rodata.str1.1)
    .L.str                                   0x08019c00   Data          11  hmi.o(.rodata.str1.1)
    .L.str.1                                 0x08019c0b   Data           9  hmi.o(.rodata.str1.1)
    [Anonymous Symbol]                       0x24020200   Section        0  fftana.o(.RAM_D1)
    get_freqaxis.freqaxis                    0x24020200   Data       16384  fftana.o(.RAM_D1)
    .data                                    0x24024200   Section        4  errno.o(.data)
    _errno                                   0x24024200   Data           4  errno.o(.data)
    [Anonymous Symbol]                       0x24024220   Section        0  adc.o(.bss.HAL_RCC_ADC12_CLK_ENABLED)
    HAL_RCC_ADC12_CLK_ENABLED                0x24024220   Data           4  adc.o(.bss.HAL_RCC_ADC12_CLK_ENABLED)
    STACK                                    0x240247e8   Section     1024  startup_stm32h743xx.o(STACK)

    Global Symbols

    Symbol Name                              Value     Ov Type        Size  Object(Section)

    BuildAttributes$$THM_ISAv4$E$P$D$K$B$S$7EM$VFPv5_D16$PE$PLD8$A:L22UL41UL21$X:L11$S22US41US21$IEEE1$IW$~IW$USESV6$~STKCKD$USESV7$~SHL$OTIME$ROPI$IEEEX$EBA8$MICROLIB$REQ8$PRES8$EABIv2 0x00000000   Number         0  anon$$obj.o ABSOLUTE
    __cpp_initialize__aeabi_                  - Undefined Weak Reference
    __cxa_finalize                            - Undefined Weak Reference
    _clock_init                               - Undefined Weak Reference
    _microlib_exit                            - Undefined Weak Reference
    __Vectors_Size                           0x00000298   Number         0  startup_stm32h743xx.o ABSOLUTE
    __Vectors                                0x08000000   Data           4  startup_stm32h743xx.o(RESET)
    __Vectors_End                            0x08000298   Data           0  startup_stm32h743xx.o(RESET)
    __main                                   0x08000299   Thumb Code     0  entry.o(.ARM.Collect$$$$00000000)
    _main_stk                                0x08000299   Thumb Code     0  entry2.o(.ARM.Collect$$$$00000001)
    _main_scatterload                        0x0800029d   Thumb Code     0  entry5.o(.ARM.Collect$$$$00000004)
    __main_after_scatterload                 0x080002a1   Thumb Code     0  entry5.o(.ARM.Collect$$$$00000004)
    _main_clock                              0x080002a1   Thumb Code     0  entry7b.o(.ARM.Collect$$$$00000008)
    _main_cpp_init                           0x080002a1   Thumb Code     0  entry8b.o(.ARM.Collect$$$$0000000A)
    _main_init                               0x080002a1   Thumb Code     0  entry9a.o(.ARM.Collect$$$$0000000B)
    __rt_final_cpp                           0x080002a9   Thumb Code     0  entry10a.o(.ARM.Collect$$$$0000000D)
    __rt_final_exit                          0x080002a9   Thumb Code     0  entry11a.o(.ARM.Collect$$$$0000000F)
    Reset_Handler                            0x080002ad   Thumb Code    12  startup_stm32h743xx.o(.text)
    ADC3_IRQHandler                          0x080002cb   Thumb Code     0  startup_stm32h743xx.o(.text)
    ADC_IRQHandler                           0x080002cb   Thumb Code     0  startup_stm32h743xx.o(.text)
    BDMA_Channel0_IRQHandler                 0x080002cb   Thumb Code     0  startup_stm32h743xx.o(.text)
    BDMA_Channel1_IRQHandler                 0x080002cb   Thumb Code     0  startup_stm32h743xx.o(.text)
    BDMA_Channel2_IRQHandler                 0x080002cb   Thumb Code     0  startup_stm32h743xx.o(.text)
    BDMA_Channel3_IRQHandler                 0x080002cb   Thumb Code     0  startup_stm32h743xx.o(.text)
    BDMA_Channel4_IRQHandler                 0x080002cb   Thumb Code     0  startup_stm32h743xx.o(.text)
    BDMA_Channel5_IRQHandler                 0x080002cb   Thumb Code     0  startup_stm32h743xx.o(.text)
    BDMA_Channel6_IRQHandler                 0x080002cb   Thumb Code     0  startup_stm32h743xx.o(.text)
    BDMA_Channel7_IRQHandler                 0x080002cb   Thumb Code     0  startup_stm32h743xx.o(.text)
    CEC_IRQHandler                           0x080002cb   Thumb Code     0  startup_stm32h743xx.o(.text)
    COMP1_IRQHandler                         0x080002cb   Thumb Code     0  startup_stm32h743xx.o(.text)
    CRS_IRQHandler                           0x080002cb   Thumb Code     0  startup_stm32h743xx.o(.text)
    DCMI_IRQHandler                          0x080002cb   Thumb Code     0  startup_stm32h743xx.o(.text)
    DFSDM1_FLT0_IRQHandler                   0x080002cb   Thumb Code     0  startup_stm32h743xx.o(.text)
    DFSDM1_FLT1_IRQHandler                   0x080002cb   Thumb Code     0  startup_stm32h743xx.o(.text)
    DFSDM1_FLT2_IRQHandler                   0x080002cb   Thumb Code     0  startup_stm32h743xx.o(.text)
    DFSDM1_FLT3_IRQHandler                   0x080002cb   Thumb Code     0  startup_stm32h743xx.o(.text)
    DMA1_Stream3_IRQHandler                  0x080002cb   Thumb Code     0  startup_stm32h743xx.o(.text)
    DMA1_Stream4_IRQHandler                  0x080002cb   Thumb Code     0  startup_stm32h743xx.o(.text)
    DMA1_Stream5_IRQHandler                  0x080002cb   Thumb Code     0  startup_stm32h743xx.o(.text)
    DMA1_Stream6_IRQHandler                  0x080002cb   Thumb Code     0  startup_stm32h743xx.o(.text)
    DMA1_Stream7_IRQHandler                  0x080002cb   Thumb Code     0  startup_stm32h743xx.o(.text)
    DMA2D_IRQHandler                         0x080002cb   Thumb Code     0  startup_stm32h743xx.o(.text)
    DMA2_Stream0_IRQHandler                  0x080002cb   Thumb Code     0  startup_stm32h743xx.o(.text)
    DMA2_Stream1_IRQHandler                  0x080002cb   Thumb Code     0  startup_stm32h743xx.o(.text)
    DMA2_Stream2_IRQHandler                  0x080002cb   Thumb Code     0  startup_stm32h743xx.o(.text)
    DMA2_Stream3_IRQHandler                  0x080002cb   Thumb Code     0  startup_stm32h743xx.o(.text)
    DMA2_Stream4_IRQHandler                  0x080002cb   Thumb Code     0  startup_stm32h743xx.o(.text)
    DMA2_Stream5_IRQHandler                  0x080002cb   Thumb Code     0  startup_stm32h743xx.o(.text)
    DMA2_Stream6_IRQHandler                  0x080002cb   Thumb Code     0  startup_stm32h743xx.o(.text)
    DMA2_Stream7_IRQHandler                  0x080002cb   Thumb Code     0  startup_stm32h743xx.o(.text)
    DMAMUX1_OVR_IRQHandler                   0x080002cb   Thumb Code     0  startup_stm32h743xx.o(.text)
    DMAMUX2_OVR_IRQHandler                   0x080002cb   Thumb Code     0  startup_stm32h743xx.o(.text)
    ECC_IRQHandler                           0x080002cb   Thumb Code     0  startup_stm32h743xx.o(.text)
    ETH_IRQHandler                           0x080002cb   Thumb Code     0  startup_stm32h743xx.o(.text)
    ETH_WKUP_IRQHandler                      0x080002cb   Thumb Code     0  startup_stm32h743xx.o(.text)
    EXTI0_IRQHandler                         0x080002cb   Thumb Code     0  startup_stm32h743xx.o(.text)
    EXTI15_10_IRQHandler                     0x080002cb   Thumb Code     0  startup_stm32h743xx.o(.text)
    EXTI1_IRQHandler                         0x080002cb   Thumb Code     0  startup_stm32h743xx.o(.text)
    EXTI2_IRQHandler                         0x080002cb   Thumb Code     0  startup_stm32h743xx.o(.text)
    EXTI3_IRQHandler                         0x080002cb   Thumb Code     0  startup_stm32h743xx.o(.text)
    EXTI4_IRQHandler                         0x080002cb   Thumb Code     0  startup_stm32h743xx.o(.text)
    EXTI9_5_IRQHandler                       0x080002cb   Thumb Code     0  startup_stm32h743xx.o(.text)
    FDCAN1_IT0_IRQHandler                    0x080002cb   Thumb Code     0  startup_stm32h743xx.o(.text)
    FDCAN1_IT1_IRQHandler                    0x080002cb   Thumb Code     0  startup_stm32h743xx.o(.text)
    FDCAN2_IT0_IRQHandler                    0x080002cb   Thumb Code     0  startup_stm32h743xx.o(.text)
    FDCAN2_IT1_IRQHandler                    0x080002cb   Thumb Code     0  startup_stm32h743xx.o(.text)
    FDCAN_CAL_IRQHandler                     0x080002cb   Thumb Code     0  startup_stm32h743xx.o(.text)
    FLASH_IRQHandler                         0x080002cb   Thumb Code     0  startup_stm32h743xx.o(.text)
    FMC_IRQHandler                           0x080002cb   Thumb Code     0  startup_stm32h743xx.o(.text)
    FPU_IRQHandler                           0x080002cb   Thumb Code     0  startup_stm32h743xx.o(.text)
    HRTIM1_FLT_IRQHandler                    0x080002cb   Thumb Code     0  startup_stm32h743xx.o(.text)
    HRTIM1_Master_IRQHandler                 0x080002cb   Thumb Code     0  startup_stm32h743xx.o(.text)
    HRTIM1_TIMA_IRQHandler                   0x080002cb   Thumb Code     0  startup_stm32h743xx.o(.text)
    HRTIM1_TIMB_IRQHandler                   0x080002cb   Thumb Code     0  startup_stm32h743xx.o(.text)
    HRTIM1_TIMC_IRQHandler                   0x080002cb   Thumb Code     0  startup_stm32h743xx.o(.text)
    HRTIM1_TIMD_IRQHandler                   0x080002cb   Thumb Code     0  startup_stm32h743xx.o(.text)
    HRTIM1_TIME_IRQHandler                   0x080002cb   Thumb Code     0  startup_stm32h743xx.o(.text)
    HSEM1_IRQHandler                         0x080002cb   Thumb Code     0  startup_stm32h743xx.o(.text)
    I2C1_ER_IRQHandler                       0x080002cb   Thumb Code     0  startup_stm32h743xx.o(.text)
    I2C1_EV_IRQHandler                       0x080002cb   Thumb Code     0  startup_stm32h743xx.o(.text)
    I2C2_ER_IRQHandler                       0x080002cb   Thumb Code     0  startup_stm32h743xx.o(.text)
    I2C2_EV_IRQHandler                       0x080002cb   Thumb Code     0  startup_stm32h743xx.o(.text)
    I2C3_ER_IRQHandler                       0x080002cb   Thumb Code     0  startup_stm32h743xx.o(.text)
    I2C3_EV_IRQHandler                       0x080002cb   Thumb Code     0  startup_stm32h743xx.o(.text)
    I2C4_ER_IRQHandler                       0x080002cb   Thumb Code     0  startup_stm32h743xx.o(.text)
    I2C4_EV_IRQHandler                       0x080002cb   Thumb Code     0  startup_stm32h743xx.o(.text)
    JPEG_IRQHandler                          0x080002cb   Thumb Code     0  startup_stm32h743xx.o(.text)
    LPTIM1_IRQHandler                        0x080002cb   Thumb Code     0  startup_stm32h743xx.o(.text)
    LPTIM2_IRQHandler                        0x080002cb   Thumb Code     0  startup_stm32h743xx.o(.text)
    LPTIM3_IRQHandler                        0x080002cb   Thumb Code     0  startup_stm32h743xx.o(.text)
    LPTIM4_IRQHandler                        0x080002cb   Thumb Code     0  startup_stm32h743xx.o(.text)
    LPTIM5_IRQHandler                        0x080002cb   Thumb Code     0  startup_stm32h743xx.o(.text)
    LPUART1_IRQHandler                       0x080002cb   Thumb Code     0  startup_stm32h743xx.o(.text)
    LTDC_ER_IRQHandler                       0x080002cb   Thumb Code     0  startup_stm32h743xx.o(.text)
    LTDC_IRQHandler                          0x080002cb   Thumb Code     0  startup_stm32h743xx.o(.text)
    MDIOS_IRQHandler                         0x080002cb   Thumb Code     0  startup_stm32h743xx.o(.text)
    MDIOS_WKUP_IRQHandler                    0x080002cb   Thumb Code     0  startup_stm32h743xx.o(.text)
    MDMA_IRQHandler                          0x080002cb   Thumb Code     0  startup_stm32h743xx.o(.text)
    OTG_FS_EP1_IN_IRQHandler                 0x080002cb   Thumb Code     0  startup_stm32h743xx.o(.text)
    OTG_FS_EP1_OUT_IRQHandler                0x080002cb   Thumb Code     0  startup_stm32h743xx.o(.text)
    OTG_FS_IRQHandler                        0x080002cb   Thumb Code     0  startup_stm32h743xx.o(.text)
    OTG_FS_WKUP_IRQHandler                   0x080002cb   Thumb Code     0  startup_stm32h743xx.o(.text)
    OTG_HS_EP1_IN_IRQHandler                 0x080002cb   Thumb Code     0  startup_stm32h743xx.o(.text)
    OTG_HS_EP1_OUT_IRQHandler                0x080002cb   Thumb Code     0  startup_stm32h743xx.o(.text)
    OTG_HS_IRQHandler                        0x080002cb   Thumb Code     0  startup_stm32h743xx.o(.text)
    OTG_HS_WKUP_IRQHandler                   0x080002cb   Thumb Code     0  startup_stm32h743xx.o(.text)
    PVD_AVD_IRQHandler                       0x080002cb   Thumb Code     0  startup_stm32h743xx.o(.text)
    QUADSPI_IRQHandler                       0x080002cb   Thumb Code     0  startup_stm32h743xx.o(.text)
    RCC_IRQHandler                           0x080002cb   Thumb Code     0  startup_stm32h743xx.o(.text)
    RNG_IRQHandler                           0x080002cb   Thumb Code     0  startup_stm32h743xx.o(.text)
    RTC_Alarm_IRQHandler                     0x080002cb   Thumb Code     0  startup_stm32h743xx.o(.text)
    RTC_WKUP_IRQHandler                      0x080002cb   Thumb Code     0  startup_stm32h743xx.o(.text)
    SAI1_IRQHandler                          0x080002cb   Thumb Code     0  startup_stm32h743xx.o(.text)
    SAI2_IRQHandler                          0x080002cb   Thumb Code     0  startup_stm32h743xx.o(.text)
    SAI3_IRQHandler                          0x080002cb   Thumb Code     0  startup_stm32h743xx.o(.text)
    SAI4_IRQHandler                          0x080002cb   Thumb Code     0  startup_stm32h743xx.o(.text)
    SDMMC1_IRQHandler                        0x080002cb   Thumb Code     0  startup_stm32h743xx.o(.text)
    SDMMC2_IRQHandler                        0x080002cb   Thumb Code     0  startup_stm32h743xx.o(.text)
    SPDIF_RX_IRQHandler                      0x080002cb   Thumb Code     0  startup_stm32h743xx.o(.text)
    SPI1_IRQHandler                          0x080002cb   Thumb Code     0  startup_stm32h743xx.o(.text)
    SPI2_IRQHandler                          0x080002cb   Thumb Code     0  startup_stm32h743xx.o(.text)
    SPI3_IRQHandler                          0x080002cb   Thumb Code     0  startup_stm32h743xx.o(.text)
    SPI4_IRQHandler                          0x080002cb   Thumb Code     0  startup_stm32h743xx.o(.text)
    SPI5_IRQHandler                          0x080002cb   Thumb Code     0  startup_stm32h743xx.o(.text)
    SPI6_IRQHandler                          0x080002cb   Thumb Code     0  startup_stm32h743xx.o(.text)
    SWPMI1_IRQHandler                        0x080002cb   Thumb Code     0  startup_stm32h743xx.o(.text)
    TAMP_STAMP_IRQHandler                    0x080002cb   Thumb Code     0  startup_stm32h743xx.o(.text)
    TIM15_IRQHandler                         0x080002cb   Thumb Code     0  startup_stm32h743xx.o(.text)
    TIM16_IRQHandler                         0x080002cb   Thumb Code     0  startup_stm32h743xx.o(.text)
    TIM17_IRQHandler                         0x080002cb   Thumb Code     0  startup_stm32h743xx.o(.text)
    TIM1_BRK_IRQHandler                      0x080002cb   Thumb Code     0  startup_stm32h743xx.o(.text)
    TIM1_CC_IRQHandler                       0x080002cb   Thumb Code     0  startup_stm32h743xx.o(.text)
    TIM1_TRG_COM_IRQHandler                  0x080002cb   Thumb Code     0  startup_stm32h743xx.o(.text)
    TIM1_UP_IRQHandler                       0x080002cb   Thumb Code     0  startup_stm32h743xx.o(.text)
    TIM2_IRQHandler                          0x080002cb   Thumb Code     0  startup_stm32h743xx.o(.text)
    TIM3_IRQHandler                          0x080002cb   Thumb Code     0  startup_stm32h743xx.o(.text)
    TIM4_IRQHandler                          0x080002cb   Thumb Code     0  startup_stm32h743xx.o(.text)
    TIM5_IRQHandler                          0x080002cb   Thumb Code     0  startup_stm32h743xx.o(.text)
    TIM6_DAC_IRQHandler                      0x080002cb   Thumb Code     0  startup_stm32h743xx.o(.text)
    TIM7_IRQHandler                          0x080002cb   Thumb Code     0  startup_stm32h743xx.o(.text)
    TIM8_BRK_TIM12_IRQHandler                0x080002cb   Thumb Code     0  startup_stm32h743xx.o(.text)
    TIM8_CC_IRQHandler                       0x080002cb   Thumb Code     0  startup_stm32h743xx.o(.text)
    TIM8_TRG_COM_TIM14_IRQHandler            0x080002cb   Thumb Code     0  startup_stm32h743xx.o(.text)
    TIM8_UP_TIM13_IRQHandler                 0x080002cb   Thumb Code     0  startup_stm32h743xx.o(.text)
    UART4_IRQHandler                         0x080002cb   Thumb Code     0  startup_stm32h743xx.o(.text)
    UART5_IRQHandler                         0x080002cb   Thumb Code     0  startup_stm32h743xx.o(.text)
    UART7_IRQHandler                         0x080002cb   Thumb Code     0  startup_stm32h743xx.o(.text)
    UART8_IRQHandler                         0x080002cb   Thumb Code     0  startup_stm32h743xx.o(.text)
    USART1_IRQHandler                        0x080002cb   Thumb Code     0  startup_stm32h743xx.o(.text)
    USART2_IRQHandler                        0x080002cb   Thumb Code     0  startup_stm32h743xx.o(.text)
    USART6_IRQHandler                        0x080002cb   Thumb Code     0  startup_stm32h743xx.o(.text)
    WAKEUP_PIN_IRQHandler                    0x080002cb   Thumb Code     0  startup_stm32h743xx.o(.text)
    WWDG_IRQHandler                          0x080002cb   Thumb Code     0  startup_stm32h743xx.o(.text)
    arm_radix8_butterfly_f32                 0x080002d9   Thumb Code  2126  arm_cfft_radix8_f32.o(.text)
    __aeabi_uldivmod                         0x08000b2d   Thumb Code    98  uldiv.o(.text)
    __aeabi_memset                           0x08000b8f   Thumb Code    14  memseta.o(.text)
    __aeabi_memset4                          0x08000b8f   Thumb Code     0  memseta.o(.text)
    __aeabi_memset8                          0x08000b8f   Thumb Code     0  memseta.o(.text)
    __aeabi_memclr                           0x08000b9d   Thumb Code     4  memseta.o(.text)
    __aeabi_memclr4                          0x08000b9d   Thumb Code     0  memseta.o(.text)
    __aeabi_memclr8                          0x08000b9d   Thumb Code     0  memseta.o(.text)
    _memset$wrapper                          0x08000ba1   Thumb Code    18  memseta.o(.text)
    __aeabi_fadd                             0x08000bb3   Thumb Code   164  fadd.o(.text)
    __aeabi_fsub                             0x08000c57   Thumb Code     6  fadd.o(.text)
    __aeabi_frsub                            0x08000c5d   Thumb Code     6  fadd.o(.text)
    __aeabi_fmul                             0x08000c63   Thumb Code   100  fmul.o(.text)
    __aeabi_uidiv                            0x08000cc7   Thumb Code     0  uidiv.o(.text)
    __aeabi_uidivmod                         0x08000cc7   Thumb Code    44  uidiv.o(.text)
    __aeabi_llsl                             0x08000cf3   Thumb Code    30  llshl.o(.text)
    _ll_shift_l                              0x08000cf3   Thumb Code     0  llshl.o(.text)
    __aeabi_llsr                             0x08000d11   Thumb Code    32  llushr.o(.text)
    _ll_ushift_r                             0x08000d11   Thumb Code     0  llushr.o(.text)
    __I$use$fp                               0x08000d31   Thumb Code     0  iusefp.o(.text)
    _float_round                             0x08000d31   Thumb Code    18  fepilogue.o(.text)
    _float_epilogue                          0x08000d43   Thumb Code    92  fepilogue.o(.text)
    __aeabi_dadd                             0x08000d9f   Thumb Code   322  dadd.o(.text)
    __aeabi_dsub                             0x08000ee1   Thumb Code     6  dadd.o(.text)
    __aeabi_drsub                            0x08000ee7   Thumb Code     6  dadd.o(.text)
    __aeabi_dmul                             0x08000eed   Thumb Code   228  dmul.o(.text)
    __aeabi_ddiv                             0x08000fd1   Thumb Code   222  ddiv.o(.text)
    __aeabi_d2ulz                            0x080010af   Thumb Code    48  dfixul.o(.text)
    __aeabi_cdrcmple                         0x080010e1   Thumb Code    48  cdrcmple.o(.text)
    __scatterload                            0x08001111   Thumb Code    28  init.o(.text)
    __scatterload_rt2                        0x08001111   Thumb Code     0  init.o(.text)
    __aeabi_lasr                             0x08001135   Thumb Code    36  llsshr.o(.text)
    _ll_sshift_r                             0x08001135   Thumb Code     0  llsshr.o(.text)
    _double_round                            0x08001159   Thumb Code    30  depilogue.o(.text)
    _double_epilogue                         0x08001177   Thumb Code   156  depilogue.o(.text)
    __decompress                             0x08001213   Thumb Code     0  __dczerorl.o(.text)
    __decompress0                            0x08001213   Thumb Code    58  __dczerorl.o(.text)
    AD9910_AmpWrite                          0x08001251   Thumb Code    20  ad9910.o(.text.AD9910_AmpWrite)
    AD9910_FreWrite                          0x08001269   Thumb Code    64  ad9910.o(.text.AD9910_FreWrite)
    ADC_ConfigureBoostMode                   0x080012a9   Thumb Code   282  stm32h7xx_hal_adc.o(.text.ADC_ConfigureBoostMode)
    ADC_ConversionStop                       0x080013c9   Thumb Code   232  stm32h7xx_hal_adc.o(.text.ADC_ConversionStop)
    ADC_DMAConvCplt                          0x080014b1   Thumb Code   128  stm32h7xx_hal_adc.o(.text.ADC_DMAConvCplt)
    ADC_DMAError                             0x08001531   Thumb Code    22  stm32h7xx_hal_adc.o(.text.ADC_DMAError)
    ADC_DMAHalfConvCplt                      0x08001549   Thumb Code     6  stm32h7xx_hal_adc.o(.text.ADC_DMAHalfConvCplt)
    ADC_Disable                              0x08001551   Thumb Code   152  stm32h7xx_hal_adc.o(.text.ADC_Disable)
    ADC_Enable                               0x080015e9   Thumb Code   190  stm32h7xx_hal_adc.o(.text.ADC_Enable)
    App_process                              0x080016a9   Thumb Code   124  main.o(.text.App_process)
    BusFault_Handler                         0x08001729   Thumb Code     2  stm32h7xx_it.o(.text.BusFault_Handler)
    Calc_Noice_Energy                        0x08001731   Thumb Code   120  tasks.o(.text.Calc_Noice_Energy)
    DMA1_Stream0_IRQHandler                  0x080017a9   Thumb Code    12  stm32h7xx_it.o(.text.DMA1_Stream0_IRQHandler)
    DMA1_Stream1_IRQHandler                  0x080017b9   Thumb Code    12  stm32h7xx_it.o(.text.DMA1_Stream1_IRQHandler)
    DMA1_Stream2_IRQHandler                  0x080017c9   Thumb Code    12  stm32h7xx_it.o(.text.DMA1_Stream2_IRQHandler)
    DebugMon_Handler                         0x080017d9   Thumb Code     2  stm32h7xx_it.o(.text.DebugMon_Handler)
    Error_Handler                            0x080017e1   Thumb Code    40  main.o(.text.Error_Handler)
    ExitRun0Mode                             0x08001809   Thumb Code    28  system_stm32h7xx.o(.text.ExitRun0Mode)
    FFT_Task                                 0x08001829   Thumb Code   132  tasks.o(.text.FFT_Task)
    HAL_ADCEx_MultiModeConfigChannel         0x080018b1   Thumb Code   242  stm32h7xx_hal_adc_ex.o(.text.HAL_ADCEx_MultiModeConfigChannel)
    HAL_ADC_ConfigChannel                    0x080019a9   Thumb Code  1148  stm32h7xx_hal_adc.o(.text.HAL_ADC_ConfigChannel)
    HAL_ADC_ConvCpltCallback                 0x08001e29   Thumb Code    48  main.o(.text.HAL_ADC_ConvCpltCallback)
    HAL_ADC_ConvHalfCpltCallback             0x08001e59   Thumb Code     2  stm32h7xx_hal_adc.o(.text.HAL_ADC_ConvHalfCpltCallback)
    HAL_ADC_ErrorCallback                    0x08001e61   Thumb Code     2  stm32h7xx_hal_adc.o(.text.HAL_ADC_ErrorCallback)
    HAL_ADC_Init                             0x08001e69   Thumb Code   546  stm32h7xx_hal_adc.o(.text.HAL_ADC_Init)
    HAL_ADC_MspInit                          0x08002091   Thumb Code   322  adc.o(.text.HAL_ADC_MspInit)
    HAL_ADC_Start_DMA                        0x080021d9   Thumb Code   292  stm32h7xx_hal_adc.o(.text.HAL_ADC_Start_DMA)
    HAL_ADC_Stop_DMA                         0x08002301   Thumb Code   120  stm32h7xx_hal_adc.o(.text.HAL_ADC_Stop_DMA)
    HAL_DMA_Abort                            0x08002379   Thumb Code  1232  stm32h7xx_hal_dma.o(.text.HAL_DMA_Abort)
    HAL_DMA_Abort_IT                         0x08002849   Thumb Code   670  stm32h7xx_hal_dma.o(.text.HAL_DMA_Abort_IT)
    HAL_DMA_IRQHandler                       0x08002ae9   Thumb Code  2026  stm32h7xx_hal_dma.o(.text.HAL_DMA_IRQHandler)
    HAL_DMA_Init                             0x080032d9   Thumb Code  2054  stm32h7xx_hal_dma.o(.text.HAL_DMA_Init)
    HAL_DMA_Start_IT                         0x08003ae1   Thumb Code  1634  stm32h7xx_hal_dma.o(.text.HAL_DMA_Start_IT)
    HAL_Delay                                0x08004149   Thumb Code    44  stm32h7xx_hal.o(.text.HAL_Delay)
    HAL_GPIO_Init                            0x08004179   Thumb Code   434  stm32h7xx_hal_gpio.o(.text.HAL_GPIO_Init)
    HAL_GPIO_ReadPin                         0x08004331   Thumb Code    10  stm32h7xx_hal_gpio.o(.text.HAL_GPIO_ReadPin)
    HAL_GPIO_WritePin                        0x08004341   Thumb Code    10  stm32h7xx_hal_gpio.o(.text.HAL_GPIO_WritePin)
    HAL_GetREVID                             0x08004351   Thumb Code    14  stm32h7xx_hal.o(.text.HAL_GetREVID)
    HAL_GetTick                              0x08004361   Thumb Code    12  stm32h7xx_hal.o(.text.HAL_GetTick)
    HAL_IncTick                              0x08004371   Thumb Code    26  stm32h7xx_hal.o(.text.HAL_IncTick)
    HAL_Init                                 0x08004391   Thumb Code   100  stm32h7xx_hal.o(.text.HAL_Init)
    HAL_InitTick                             0x080043f9   Thumb Code    86  stm32h7xx_hal.o(.text.HAL_InitTick)
    HAL_MPU_ConfigRegion                     0x08004451   Thumb Code    90  stm32h7xx_hal_cortex.o(.text.HAL_MPU_ConfigRegion)
    HAL_MPU_Disable                          0x080044b1   Thumb Code    26  stm32h7xx_hal_cortex.o(.text.HAL_MPU_Disable)
    HAL_MPU_Enable                           0x080044d1   Thumb Code    32  stm32h7xx_hal_cortex.o(.text.HAL_MPU_Enable)
    HAL_MspInit                              0x080044f1   Thumb Code    32  stm32h7xx_hal_msp.o(.text.HAL_MspInit)
    HAL_NVIC_EnableIRQ                       0x08004511   Thumb Code    32  stm32h7xx_hal_cortex.o(.text.HAL_NVIC_EnableIRQ)
    HAL_NVIC_SetPriority                     0x08004531   Thumb Code   100  stm32h7xx_hal_cortex.o(.text.HAL_NVIC_SetPriority)
    HAL_NVIC_SetPriorityGrouping             0x08004599   Thumb Code    32  stm32h7xx_hal_cortex.o(.text.HAL_NVIC_SetPriorityGrouping)
    HAL_PWREx_ConfigSupply                   0x080045b9   Thumb Code    80  stm32h7xx_hal_pwr_ex.o(.text.HAL_PWREx_ConfigSupply)
    HAL_RCCEx_GetD3PCLK1Freq                 0x08004609   Thumb Code    38  stm32h7xx_hal_rcc_ex.o(.text.HAL_RCCEx_GetD3PCLK1Freq)
    HAL_RCCEx_GetPLL1ClockFreq               0x08004631   Thumb Code   380  stm32h7xx_hal_rcc_ex.o(.text.HAL_RCCEx_GetPLL1ClockFreq)
    HAL_RCCEx_GetPLL2ClockFreq               0x080047b1   Thumb Code   368  stm32h7xx_hal_rcc_ex.o(.text.HAL_RCCEx_GetPLL2ClockFreq)
    HAL_RCCEx_GetPLL3ClockFreq               0x08004921   Thumb Code   368  stm32h7xx_hal_rcc_ex.o(.text.HAL_RCCEx_GetPLL3ClockFreq)
    HAL_RCCEx_GetPeriphCLKFreq               0x08004a91   Thumb Code  1156  stm32h7xx_hal_rcc_ex.o(.text.HAL_RCCEx_GetPeriphCLKFreq)
    HAL_RCCEx_PeriphCLKConfig                0x08004f19   Thumb Code  2520  stm32h7xx_hal_rcc_ex.o(.text.HAL_RCCEx_PeriphCLKConfig)
    HAL_RCC_ClockConfig                      0x080058f1   Thumb Code   686  stm32h7xx_hal_rcc.o(.text.HAL_RCC_ClockConfig)
    HAL_RCC_GetHCLKFreq                      0x08005ba1   Thumb Code    76  stm32h7xx_hal_rcc.o(.text.HAL_RCC_GetHCLKFreq)
    HAL_RCC_GetPCLK1Freq                     0x08005bf1   Thumb Code    96  stm32h7xx_hal_rcc.o(.text.HAL_RCC_GetPCLK1Freq)
    HAL_RCC_GetPCLK2Freq                     0x08005c51   Thumb Code    96  stm32h7xx_hal_rcc.o(.text.HAL_RCC_GetPCLK2Freq)
    HAL_RCC_GetSysClockFreq                  0x08005cb1   Thumb Code   356  stm32h7xx_hal_rcc.o(.text.HAL_RCC_GetSysClockFreq)
    HAL_RCC_OscConfig                        0x08005e19   Thumb Code  1402  stm32h7xx_hal_rcc.o(.text.HAL_RCC_OscConfig)
    HAL_SYSTICK_Config                       0x08006399   Thumb Code    44  stm32h7xx_hal_cortex.o(.text.HAL_SYSTICK_Config)
    HAL_TIMEx_MasterConfigSynchronization    0x080063c9   Thumb Code   204  stm32h7xx_hal_tim_ex.o(.text.HAL_TIMEx_MasterConfigSynchronization)
    HAL_TIM_Base_Init                        0x08006499   Thumb Code   410  stm32h7xx_hal_tim.o(.text.HAL_TIM_Base_Init)
    HAL_TIM_Base_MspInit                     0x08006639   Thumb Code   176  tim.o(.text.HAL_TIM_Base_MspInit)
    HAL_TIM_Base_Start                       0x080066e9   Thumb Code   168  stm32h7xx_hal_tim.o(.text.HAL_TIM_Base_Start)
    HAL_TIM_Base_Stop                        0x08006791   Thumb Code    40  stm32h7xx_hal_tim.o(.text.HAL_TIM_Base_Stop)
    HAL_TIM_ConfigClockSource                0x080067b9   Thumb Code   470  stm32h7xx_hal_tim.o(.text.HAL_TIM_ConfigClockSource)
    HAL_TIM_PWM_ConfigChannel                0x08006991   Thumb Code  1186  stm32h7xx_hal_tim.o(.text.HAL_TIM_PWM_ConfigChannel)
    HAL_TIM_PWM_Init                         0x08006e39   Thumb Code   410  stm32h7xx_hal_tim.o(.text.HAL_TIM_PWM_Init)
    HAL_TIM_PWM_MspInit                      0x08006fd9   Thumb Code     2  stm32h7xx_hal_tim.o(.text.HAL_TIM_PWM_MspInit)
    HAL_UARTEx_DisableFifoMode               0x08006fe1   Thumb Code    56  stm32h7xx_hal_uart_ex.o(.text.HAL_UARTEx_DisableFifoMode)
    HAL_UARTEx_ReceiveToIdle_IT              0x08007019   Thumb Code   106  stm32h7xx_hal_uart_ex.o(.text.HAL_UARTEx_ReceiveToIdle_IT)
    HAL_UARTEx_RxEventCallback               0x08007089   Thumb Code   146  main.o(.text.HAL_UARTEx_RxEventCallback)
    HAL_UARTEx_RxFifoFullCallback            0x08007121   Thumb Code     2  stm32h7xx_hal_uart_ex.o(.text.HAL_UARTEx_RxFifoFullCallback)
    HAL_UARTEx_SetRxFifoThreshold            0x08007129   Thumb Code   144  stm32h7xx_hal_uart_ex.o(.text.HAL_UARTEx_SetRxFifoThreshold)
    HAL_UARTEx_SetTxFifoThreshold            0x080071b9   Thumb Code   144  stm32h7xx_hal_uart_ex.o(.text.HAL_UARTEx_SetTxFifoThreshold)
    HAL_UARTEx_TxFifoEmptyCallback           0x08007249   Thumb Code     2  stm32h7xx_hal_uart_ex.o(.text.HAL_UARTEx_TxFifoEmptyCallback)
    HAL_UARTEx_WakeupCallback                0x08007251   Thumb Code     2  stm32h7xx_hal_uart_ex.o(.text.HAL_UARTEx_WakeupCallback)
    HAL_UART_ErrorCallback                   0x08007259   Thumb Code     2  stm32h7xx_hal_uart.o(.text.HAL_UART_ErrorCallback)
    HAL_UART_IRQHandler                      0x08007261   Thumb Code  1168  stm32h7xx_hal_uart.o(.text.HAL_UART_IRQHandler)
    HAL_UART_Init                            0x080076f1   Thumb Code   102  stm32h7xx_hal_uart.o(.text.HAL_UART_Init)
    HAL_UART_MspInit                         0x08007759   Thumb Code   162  usart.o(.text.HAL_UART_MspInit)
    HAL_UART_RxCpltCallback                  0x08007801   Thumb Code     2  stm32h7xx_hal_uart.o(.text.HAL_UART_RxCpltCallback)
    HAL_UART_Transmit                        0x08007809   Thumb Code   236  stm32h7xx_hal_uart.o(.text.HAL_UART_Transmit)
    HAL_UART_TxCpltCallback                  0x080078f9   Thumb Code     2  stm32h7xx_hal_uart.o(.text.HAL_UART_TxCpltCallback)
    HMI_Init                                 0x08007901   Thumb Code   132  hmi.o(.text.HMI_Init)
    HMI_send_string                          0x08007989   Thumb Code    16  hmi.o(.text.HMI_send_string)
    HardFault_Handler                        0x08007999   Thumb Code     2  stm32h7xx_it.o(.text.HardFault_Handler)
    Init_AD9910                              0x080079a1   Thumb Code  2366  ad9910.o(.text.Init_AD9910)
    MX_ADC1_Init                             0x080082e1   Thumb Code   190  adc.o(.text.MX_ADC1_Init)
    MX_ADC2_Init                             0x080083a1   Thumb Code   152  adc.o(.text.MX_ADC2_Init)
    MX_DMA_Init                              0x08008439   Thumb Code    84  dma.o(.text.MX_DMA_Init)
    MX_GPIO_Init                             0x08008491   Thumb Code   312  gpio.o(.text.MX_GPIO_Init)
    MX_TIM1_Init                             0x080085c9   Thumb Code   136  tim.o(.text.MX_TIM1_Init)
    MX_TIM2_Init                             0x08008651   Thumb Code   270  tim.o(.text.MX_TIM2_Init)
    MX_TIM3_Init                             0x08008761   Thumb Code   130  tim.o(.text.MX_TIM3_Init)
    MX_USART3_UART_Init                      0x080087e9   Thumb Code   130  usart.o(.text.MX_USART3_UART_Init)
    MemManage_Handler                        0x08008871   Thumb Code     2  stm32h7xx_it.o(.text.MemManage_Handler)
    NMI_Handler                              0x08008879   Thumb Code     2  stm32h7xx_it.o(.text.NMI_Handler)
    PendSV_Handler                           0x08008881   Thumb Code     2  stm32h7xx_it.o(.text.PendSV_Handler)
    SVC_Handler                              0x08008ad9   Thumb Code     2  stm32h7xx_it.o(.text.SVC_Handler)
    Send_Wave                                0x08008ae1   Thumb Code    52  tasks.o(.text.Send_Wave)
    Start_ADC_DMA                            0x08008b19   Thumb Code    42  tasks.o(.text.Start_ADC_DMA)
    SysTick_Handler                          0x08008b49   Thumb Code     4  stm32h7xx_it.o(.text.SysTick_Handler)
    SystemClock_Config                       0x08008b51   Thumb Code   190  main.o(.text.SystemClock_Config)
    SystemInit                               0x08008c11   Thumb Code   240  system_stm32h7xx.o(.text.SystemInit)
    Txfrc                                    0x08008d01   Thumb Code   198  ad9910.o(.text.Txfrc)
    UART3_Printf                             0x08008dc9   Thumb Code    88  hmi.o(.text.UART3_Printf)
    UART_AdvFeatureConfig                    0x08008e21   Thumb Code   234  stm32h7xx_hal_uart.o(.text.UART_AdvFeatureConfig)
    UART_CheckIdleState                      0x08008f11   Thumb Code   194  stm32h7xx_hal_uart.o(.text.UART_CheckIdleState)
    UART_SetConfig                           0x08009539   Thumb Code  1436  stm32h7xx_hal_uart.o(.text.UART_SetConfig)
    UART_Start_Receive_IT                    0x08009ad9   Thumb Code   324  stm32h7xx_hal_uart.o(.text.UART_Start_Receive_IT)
    UART_WaitOnFlagUntilTimeout              0x08009c21   Thumb Code   340  stm32h7xx_hal_uart.o(.text.UART_WaitOnFlagUntilTimeout)
    USART3_IRQHandler                        0x08009d79   Thumb Code    12  stm32h7xx_it.o(.text.USART3_IRQHandler)
    USART_Task                               0x08009d89   Thumb Code     2  tasks.o(.text.USART_Task)
    UsageFault_Handler                       0x08009d91   Thumb Code     2  stm32h7xx_it.o(.text.UsageFault_Handler)
    arm_bitreversal_32_extra                 0x08009d99   Thumb Code    68  arm_bitreversal2_extra.o(.text.arm_bitreversal_32_extra)
    arm_cfft_f32_extra                       0x08009de1   Thumb Code   256  arm_cfft_f32_extra.o(.text.arm_cfft_f32_extra)
    arm_cfft_radix8by2_f32_extra             0x08009ee1   Thumb Code   392  arm_cfft_f32_extra.o(.text.arm_cfft_radix8by2_f32_extra)
    arm_cfft_radix8by4_f32_extra             0x0800a069   Thumb Code  1070  arm_cfft_f32_extra.o(.text.arm_cfft_radix8by4_f32_extra)
    fft_process                              0x0800a499   Thumb Code   284  fftana.o(.text.fft_process)
    get_max_3                                0x0800a5b9   Thumb Code   356  fftana.o(.text.get_max_3)
    main                                     0x0800a721   Thumb Code   402  main.o(.text.main)
    process_data                             0x0800a8b9   Thumb Code   112  fftana.o(.text.process_data)
    regurlize_mag                            0x0800a929   Thumb Code    64  fftana.o(.text.regurlize_mag)
    __0vsnprintf                             0x0800a969   Thumb Code    40  printfa.o(i.__0vsnprintf)
    __1vsnprintf                             0x0800a969   Thumb Code     0  printfa.o(i.__0vsnprintf)
    __2vsnprintf                             0x0800a969   Thumb Code     0  printfa.o(i.__0vsnprintf)
    __c89vsnprintf                           0x0800a969   Thumb Code     0  printfa.o(i.__0vsnprintf)
    vsnprintf                                0x0800a969   Thumb Code     0  printfa.o(i.__0vsnprintf)
    __ARM_fpclassify                         0x0800a995   Thumb Code    48  fpclassify.o(i.__ARM_fpclassify)
    __hardfp_atan                            0x0800a9c9   Thumb Code   402  atan.o(i.__hardfp_atan)
    __hardfp_atan2                           0x0800aba1   Thumb Code   380  atan2.o(i.__hardfp_atan2)
    __hardfp_sqrtf                           0x0800ad61   Thumb Code    58  sqrtf.o(i.__hardfp_sqrtf)
    __kernel_poly                            0x0800ad9b   Thumb Code   112  poly.o(i.__kernel_poly)
    __mathlib_dbl_infnan                     0x0800ae0b   Thumb Code     6  dunder.o(i.__mathlib_dbl_infnan)
    __mathlib_dbl_infnan2                    0x0800ae11   Thumb Code     6  dunder.o(i.__mathlib_dbl_infnan2)
    __mathlib_dbl_underflow                  0x0800ae19   Thumb Code    10  dunder.o(i.__mathlib_dbl_underflow)
    __scatterload_copy                       0x0800ae31   Thumb Code    14  handlers.o(i.__scatterload_copy)
    __scatterload_null                       0x0800ae3f   Thumb Code     2  handlers.o(i.__scatterload_null)
    __scatterload_zeroinit                   0x0800ae41   Thumb Code    14  handlers.o(i.__scatterload_zeroinit)
    __set_errno                              0x0800ae51   Thumb Code     6  errno.o(i.__set_errno)
    atan                                     0x0800b725   Thumb Code    16  atan.o(i.atan)
    fabs                                     0x0800b735   Thumb Code    24  fabs.o(i.fabs)
    __mathlib_zero                           0x0800b7e8   Data           8  qnan.o(.constdata)
    D1CorePrescTable                         0x0800b7f0   Data          16  system_stm32h7xx.o(.rodata.D1CorePrescTable)
    UARTPrescTable                           0x0800b800   Data          24  stm32h7xx_hal_uart.o(.rodata.UARTPrescTable)
    armBitRevIndexTableExtra8192             0x0800b818   Data       58304  arm_common_tables_extra.o(.rodata.armBitRevIndexTableExtra8192)
    arm_cfft_sR_f32_len8192_extra            0x08019bd8   Data          16  arm_const_structs_extra.o(.rodata.arm_cfft_sR_f32_len8192_extra)
    twiddleCoefExtra_8192                    0x08019c0c   Data       65536  arm_common_tables_extra.o(.rodata.twiddleCoefExtra_8192)
    Region$$Table$$Base                      0x08029c0c   Number         0  anon$$obj.o(Region$$Table)
    Region$$Table$$Limit                     0x08029c2c   Number         0  anon$$obj.o(Region$$Table)
    adc2_buffer                              0x24000000   Data         512  main.o(.AXI_SRAM)
    adc1_buffer                              0x24000200   Data       16384  main.o(.AXI_SRAM)
    FFTIN_Mix                                0x24004200   Data       32768  main.o(.AXI_SRAM)
    FFTOUT_Mix                               0x2400c200   Data       81920  main.o(.AXI_SRAM)
    SystemCoreClock                          0x24024204   Data           4  system_stm32h7xx.o(.data.SystemCoreClock)
    SystemD2Clock                            0x24024208   Data           4  system_stm32h7xx.o(.data.SystemD2Clock)
    profile11                                0x2402420c   Data           8  ad9910.o(.data.profile11)
    uwTickFreq                               0x24024214   Data           1  stm32h7xx_hal.o(.data.uwTickFreq)
    uwTickPrio                               0x24024218   Data           4  stm32h7xx_hal.o(.data.uwTickPrio)
    Top3_Mix                                 0x24024224   Data           6  main.o(.bss.Top3_Mix)
    Wave_noise                               0x2402422c   Data          12  main.o(.bss.Wave_noise)
    Wave_origin                              0x24024238   Data          12  main.o(.bss.Wave_origin)
    aRxBuffer                                0x24024244   Data         500  main.o(.bss.aRxBuffer)
    adc_dma_finish                           0x24024438   Data           1  main.o(.bss.adc_dma_finish)
    g_SystemState                            0x24024439   Data           1  main.o(.bss.g_SystemState)
    hadc1                                    0x2402443c   Data         100  adc.o(.bss.hadc1)
    hadc2                                    0x240244a0   Data         100  adc.o(.bss.hadc2)
    hdma_adc1                                0x24024504   Data         120  adc.o(.bss.hdma_adc1)
    hdma_adc2                                0x2402457c   Data         120  adc.o(.bss.hdma_adc2)
    hdma_tim2_up                             0x240245f4   Data         120  tim.o(.bss.hdma_tim2_up)
    htim1                                    0x2402466c   Data          76  tim.o(.bss.htim1)
    htim2                                    0x240246b8   Data          76  tim.o(.bss.htim2)
    htim3                                    0x24024704   Data          76  tim.o(.bss.htim3)
    huart3                                   0x24024750   Data         148  usart.o(.bss.huart3)
    uwTick                                   0x240247e4   Data           4  stm32h7xx_hal.o(.bss.uwTick)
    __initial_sp                             0x24024be8   Data           0  startup_stm32h743xx.o(STACK)



==============================================================================

Memory Map of the image

  Image Entry point : 0x08000299

  Load Region LR_IROM1 (Base: 0x08000000, Size: 0x0004de50, Max: 0x00100000, ABSOLUTE, COMPRESSED[0x0002a0d0])

    Execution Region ER_IROM1 (Exec base: 0x08000000, Load base: 0x08000000, Size: 0x00029c2c, Max: 0x00100000, ABSOLUTE)

    Exec Addr    Load Addr    Size         Type   Attr      Idx    E Section Name        Object

    0x08000000   0x08000000   0x00000298   Data   RO            3    RESET               startup_stm32h743xx.o
    0x08000298   0x08000298   0x00000000   Code   RO         2195  * .ARM.Collect$$$$00000000  mc_w.l(entry.o)
    0x08000298   0x08000298   0x00000004   Code   RO         2290    .ARM.Collect$$$$00000001  mc_w.l(entry2.o)
    0x0800029c   0x0800029c   0x00000004   Code   RO         2293    .ARM.Collect$$$$00000004  mc_w.l(entry5.o)
    0x080002a0   0x080002a0   0x00000000   Code   RO         2295    .ARM.Collect$$$$00000008  mc_w.l(entry7b.o)
    0x080002a0   0x080002a0   0x00000000   Code   RO         2297    .ARM.Collect$$$$0000000A  mc_w.l(entry8b.o)
    0x080002a0   0x080002a0   0x00000008   Code   RO         2298    .ARM.Collect$$$$0000000B  mc_w.l(entry9a.o)
    0x080002a8   0x080002a8   0x00000000   Code   RO         2300    .ARM.Collect$$$$0000000D  mc_w.l(entry10a.o)
    0x080002a8   0x080002a8   0x00000000   Code   RO         2302    .ARM.Collect$$$$0000000F  mc_w.l(entry11a.o)
    0x080002a8   0x080002a8   0x00000004   Code   RO         2291    .ARM.Collect$$$$00002712  mc_w.l(entry2.o)
    0x080002ac   0x080002ac   0x0000002c   Code   RO            4    .text               startup_stm32h743xx.o
    0x080002d8   0x080002d8   0x00000854   Code   RO         2089    .text               arm_cortexM7l_math.lib(arm_cfft_radix8_f32.o)
    0x08000b2c   0x08000b2c   0x00000062   Code   RO         2198    .text               mc_w.l(uldiv.o)
    0x08000b8e   0x08000b8e   0x00000024   Code   RO         2200    .text               mc_w.l(memseta.o)
    0x08000bb2   0x08000bb2   0x000000b0   Code   RO         2230    .text               mf_w.l(fadd.o)
    0x08000c62   0x08000c62   0x00000064   Code   RO         2232    .text               mf_w.l(fmul.o)
    0x08000cc6   0x08000cc6   0x0000002c   Code   RO         2309    .text               mc_w.l(uidiv.o)
    0x08000cf2   0x08000cf2   0x0000001e   Code   RO         2311    .text               mc_w.l(llshl.o)
    0x08000d10   0x08000d10   0x00000020   Code   RO         2313    .text               mc_w.l(llushr.o)
    0x08000d30   0x08000d30   0x00000000   Code   RO         2322    .text               mc_w.l(iusefp.o)
    0x08000d30   0x08000d30   0x0000006e   Code   RO         2323    .text               mf_w.l(fepilogue.o)
    0x08000d9e   0x08000d9e   0x0000014e   Code   RO         2325    .text               mf_w.l(dadd.o)
    0x08000eec   0x08000eec   0x000000e4   Code   RO         2327    .text               mf_w.l(dmul.o)
    0x08000fd0   0x08000fd0   0x000000de   Code   RO         2329    .text               mf_w.l(ddiv.o)
    0x080010ae   0x080010ae   0x00000030   Code   RO         2331    .text               mf_w.l(dfixul.o)
    0x080010de   0x080010de   0x00000002   PAD
    0x080010e0   0x080010e0   0x00000030   Code   RO         2333    .text               mf_w.l(cdrcmple.o)
    0x08001110   0x08001110   0x00000024   Code   RO         2341    .text               mc_w.l(init.o)
    0x08001134   0x08001134   0x00000024   Code   RO         2344    .text               mc_w.l(llsshr.o)
    0x08001158   0x08001158   0x000000ba   Code   RO         2347    .text               mf_w.l(depilogue.o)
    0x08001212   0x08001212   0x0000003a   Code   RO         2357    .text               mc_w.l(__dczerorl.o)
    0x0800124c   0x0800124c   0x00000004   PAD
    0x08001250   0x08001250   0x00000014   Code   RO         1820    .text.AD9910_AmpWrite  ad9910.o
    0x08001264   0x08001264   0x00000004   PAD
    0x08001268   0x08001268   0x00000040   Code   RO         1818    .text.AD9910_FreWrite  ad9910.o
    0x080012a8   0x080012a8   0x0000011a   Code   RO          193    .text.ADC_ConfigureBoostMode  stm32h7xx_hal_adc.o
    0x080013c2   0x080013c2   0x00000006   PAD
    0x080013c8   0x080013c8   0x000000e8   Code   RO          197    .text.ADC_ConversionStop  stm32h7xx_hal_adc.o
    0x080014b0   0x080014b0   0x00000080   Code   RO          219    .text.ADC_DMAConvCplt  stm32h7xx_hal_adc.o
    0x08001530   0x08001530   0x00000016   Code   RO          223    .text.ADC_DMAError  stm32h7xx_hal_adc.o
    0x08001546   0x08001546   0x00000002   PAD
    0x08001548   0x08001548   0x00000006   Code   RO          221    .text.ADC_DMAHalfConvCplt  stm32h7xx_hal_adc.o
    0x0800154e   0x0800154e   0x00000002   PAD
    0x08001550   0x08001550   0x00000098   Code   RO          199    .text.ADC_Disable   stm32h7xx_hal_adc.o
    0x080015e8   0x080015e8   0x000000be   Code   RO          205    .text.ADC_Enable    stm32h7xx_hal_adc.o
    0x080016a6   0x080016a6   0x00000002   PAD
    0x080016a8   0x080016a8   0x0000007c   Code   RO           11    .text.App_process   main.o
    0x08001724   0x08001724   0x00000004   PAD
    0x08001728   0x08001728   0x00000002   Code   RO          146    .text.BusFault_Handler  stm32h7xx_it.o
    0x0800172a   0x0800172a   0x00000006   PAD
    0x08001730   0x08001730   0x00000078   Code   RO         1725    .text.Calc_Noice_Energy  tasks.o
    0x080017a8   0x080017a8   0x0000000c   Code   RO          158    .text.DMA1_Stream0_IRQHandler  stm32h7xx_it.o
    0x080017b4   0x080017b4   0x00000004   PAD
    0x080017b8   0x080017b8   0x0000000c   Code   RO          160    .text.DMA1_Stream1_IRQHandler  stm32h7xx_it.o
    0x080017c4   0x080017c4   0x00000004   PAD
    0x080017c8   0x080017c8   0x0000000c   Code   RO          162    .text.DMA1_Stream2_IRQHandler  stm32h7xx_it.o
    0x080017d4   0x080017d4   0x00000004   PAD
    0x080017d8   0x080017d8   0x00000002   Code   RO          152    .text.DebugMon_Handler  stm32h7xx_it.o
    0x080017da   0x080017da   0x00000006   PAD
    0x080017e0   0x080017e0   0x00000028   Code   RO           19    .text.Error_Handler  main.o
    0x08001808   0x08001808   0x0000001c   Code   RO         1703    .text.ExitRun0Mode  system_stm32h7xx.o
    0x08001824   0x08001824   0x00000004   PAD
    0x08001828   0x08001828   0x00000084   Code   RO         1723    .text.FFT_Task      tasks.o
    0x080018ac   0x080018ac   0x00000004   PAD
    0x080018b0   0x080018b0   0x000000f2   Code   RO          308    .text.HAL_ADCEx_MultiModeConfigChannel  stm32h7xx_hal_adc_ex.o
    0x080019a2   0x080019a2   0x00000006   PAD
    0x080019a8   0x080019a8   0x0000047c   Code   RO          239    .text.HAL_ADC_ConfigChannel  stm32h7xx_hal_adc.o
    0x08001e24   0x08001e24   0x00000004   PAD
    0x08001e28   0x08001e28   0x00000030   Code   RO           21    .text.HAL_ADC_ConvCpltCallback  main.o
    0x08001e58   0x08001e58   0x00000002   Code   RO          237    .text.HAL_ADC_ConvHalfCpltCallback  stm32h7xx_hal_adc.o
    0x08001e5a   0x08001e5a   0x00000006   PAD
    0x08001e60   0x08001e60   0x00000002   Code   RO          235    .text.HAL_ADC_ErrorCallback  stm32h7xx_hal_adc.o
    0x08001e62   0x08001e62   0x00000006   PAD
    0x08001e68   0x08001e68   0x00000222   Code   RO          189    .text.HAL_ADC_Init  stm32h7xx_hal_adc.o
    0x0800208a   0x0800208a   0x00000006   PAD
    0x08002090   0x08002090   0x00000142   Code   RO           62    .text.HAL_ADC_MspInit  adc.o
    0x080021d2   0x080021d2   0x00000006   PAD
    0x080021d8   0x080021d8   0x00000124   Code   RO          217    .text.HAL_ADC_Start_DMA  stm32h7xx_hal_adc.o
    0x080022fc   0x080022fc   0x00000004   PAD
    0x08002300   0x08002300   0x00000078   Code   RO          225    .text.HAL_ADC_Stop_DMA  stm32h7xx_hal_adc.o
    0x08002378   0x08002378   0x000004d0   Code   RO          574    .text.HAL_DMA_Abort  stm32h7xx_hal_dma.o
    0x08002848   0x08002848   0x0000029e   Code   RO          576    .text.HAL_DMA_Abort_IT  stm32h7xx_hal_dma.o
    0x08002ae6   0x08002ae6   0x00000002   PAD
    0x08002ae8   0x08002ae8   0x000007ea   Code   RO          580    .text.HAL_DMA_IRQHandler  stm32h7xx_hal_dma.o
    0x080032d2   0x080032d2   0x00000006   PAD
    0x080032d8   0x080032d8   0x00000806   Code   RO          566    .text.HAL_DMA_Init  stm32h7xx_hal_dma.o
    0x08003ade   0x08003ade   0x00000002   PAD
    0x08003ae0   0x08003ae0   0x00000662   Code   RO          572    .text.HAL_DMA_Start_IT  stm32h7xx_hal_dma.o
    0x08004142   0x08004142   0x00000006   PAD
    0x08004148   0x08004148   0x0000002c   Code   RO          887    .text.HAL_Delay     stm32h7xx_hal.o
    0x08004174   0x08004174   0x00000004   PAD
    0x08004178   0x08004178   0x000001b2   Code   RO          506    .text.HAL_GPIO_Init  stm32h7xx_hal_gpio.o
    0x0800432a   0x0800432a   0x00000006   PAD
    0x08004330   0x08004330   0x0000000a   Code   RO          510    .text.HAL_GPIO_ReadPin  stm32h7xx_hal_gpio.o
    0x0800433a   0x0800433a   0x00000006   PAD
    0x08004340   0x08004340   0x0000000a   Code   RO          512    .text.HAL_GPIO_WritePin  stm32h7xx_hal_gpio.o
    0x0800434a   0x0800434a   0x00000006   PAD
    0x08004350   0x08004350   0x0000000e   Code   RO          895    .text.HAL_GetREVID  stm32h7xx_hal.o
    0x0800435e   0x0800435e   0x00000002   PAD
    0x08004360   0x08004360   0x0000000c   Code   RO          879    .text.HAL_GetTick   stm32h7xx_hal.o
    0x0800436c   0x0800436c   0x00000004   PAD
    0x08004370   0x08004370   0x0000001a   Code   RO          877    .text.HAL_IncTick   stm32h7xx_hal.o
    0x0800438a   0x0800438a   0x00000006   PAD
    0x08004390   0x08004390   0x00000064   Code   RO          867    .text.HAL_Init      stm32h7xx_hal.o
    0x080043f4   0x080043f4   0x00000004   PAD
    0x080043f8   0x080043f8   0x00000056   Code   RO          869    .text.HAL_InitTick  stm32h7xx_hal.o
    0x0800444e   0x0800444e   0x00000002   PAD
    0x08004450   0x08004450   0x0000005a   Code   RO          834    .text.HAL_MPU_ConfigRegion  stm32h7xx_hal_cortex.o
    0x080044aa   0x080044aa   0x00000006   PAD
    0x080044b0   0x080044b0   0x0000001a   Code   RO          826    .text.HAL_MPU_Disable  stm32h7xx_hal_cortex.o
    0x080044ca   0x080044ca   0x00000006   PAD
    0x080044d0   0x080044d0   0x00000020   Code   RO          828    .text.HAL_MPU_Enable  stm32h7xx_hal_cortex.o
    0x080044f0   0x080044f0   0x00000020   Code   RO          176    .text.HAL_MspInit   stm32h7xx_hal_msp.o
    0x08004510   0x08004510   0x00000020   Code   RO          818    .text.HAL_NVIC_EnableIRQ  stm32h7xx_hal_cortex.o
    0x08004530   0x08004530   0x00000064   Code   RO          816    .text.HAL_NVIC_SetPriority  stm32h7xx_hal_cortex.o
    0x08004594   0x08004594   0x00000004   PAD
    0x08004598   0x08004598   0x00000020   Code   RO          814    .text.HAL_NVIC_SetPriorityGrouping  stm32h7xx_hal_cortex.o
    0x080045b8   0x080045b8   0x00000050   Code   RO          723    .text.HAL_PWREx_ConfigSupply  stm32h7xx_hal_pwr_ex.o
    0x08004608   0x08004608   0x00000026   Code   RO          384    .text.HAL_RCCEx_GetD3PCLK1Freq  stm32h7xx_hal_rcc_ex.o
    0x0800462e   0x0800462e   0x00000002   PAD
    0x08004630   0x08004630   0x0000017c   Code   RO          378    .text.HAL_RCCEx_GetPLL1ClockFreq  stm32h7xx_hal_rcc_ex.o
    0x080047ac   0x080047ac   0x00000004   PAD
    0x080047b0   0x080047b0   0x00000170   Code   RO          380    .text.HAL_RCCEx_GetPLL2ClockFreq  stm32h7xx_hal_rcc_ex.o
    0x08004920   0x08004920   0x00000170   Code   RO          382    .text.HAL_RCCEx_GetPLL3ClockFreq  stm32h7xx_hal_rcc_ex.o
    0x08004a90   0x08004a90   0x00000484   Code   RO          376    .text.HAL_RCCEx_GetPeriphCLKFreq  stm32h7xx_hal_rcc_ex.o
    0x08004f14   0x08004f14   0x00000004   PAD
    0x08004f18   0x08004f18   0x000009d8   Code   RO          368    .text.HAL_RCCEx_PeriphCLKConfig  stm32h7xx_hal_rcc_ex.o
    0x080058f0   0x080058f0   0x000002ae   Code   RO          333    .text.HAL_RCC_ClockConfig  stm32h7xx_hal_rcc.o
    0x08005b9e   0x08005b9e   0x00000002   PAD
    0x08005ba0   0x08005ba0   0x0000004c   Code   RO          343    .text.HAL_RCC_GetHCLKFreq  stm32h7xx_hal_rcc.o
    0x08005bec   0x08005bec   0x00000004   PAD
    0x08005bf0   0x08005bf0   0x00000060   Code   RO          345    .text.HAL_RCC_GetPCLK1Freq  stm32h7xx_hal_rcc.o
    0x08005c50   0x08005c50   0x00000060   Code   RO          347    .text.HAL_RCC_GetPCLK2Freq  stm32h7xx_hal_rcc.o
    0x08005cb0   0x08005cb0   0x00000164   Code   RO          335    .text.HAL_RCC_GetSysClockFreq  stm32h7xx_hal_rcc.o
    0x08005e14   0x08005e14   0x00000004   PAD
    0x08005e18   0x08005e18   0x0000057a   Code   RO          331    .text.HAL_RCC_OscConfig  stm32h7xx_hal_rcc.o
    0x08006392   0x08006392   0x00000006   PAD
    0x08006398   0x08006398   0x0000002c   Code   RO          824    .text.HAL_SYSTICK_Config  stm32h7xx_hal_cortex.o
    0x080063c4   0x080063c4   0x00000004   PAD
    0x080063c8   0x080063c8   0x000000cc   Code   RO         1474    .text.HAL_TIMEx_MasterConfigSynchronization  stm32h7xx_hal_tim_ex.o
    0x08006494   0x08006494   0x00000004   PAD
    0x08006498   0x08006498   0x0000019a   Code   RO         1176    .text.HAL_TIM_Base_Init  stm32h7xx_hal_tim.o
    0x08006632   0x08006632   0x00000006   PAD
    0x08006638   0x08006638   0x000000b0   Code   RO          103    .text.HAL_TIM_Base_MspInit  tim.o
    0x080066e8   0x080066e8   0x000000a8   Code   RO         1186    .text.HAL_TIM_Base_Start  stm32h7xx_hal_tim.o
    0x08006790   0x08006790   0x00000028   Code   RO         1188    .text.HAL_TIM_Base_Stop  stm32h7xx_hal_tim.o
    0x080067b8   0x080067b8   0x000001d6   Code   RO         1356    .text.HAL_TIM_ConfigClockSource  stm32h7xx_hal_tim.o
    0x0800698e   0x0800698e   0x00000002   PAD
    0x08006990   0x08006990   0x000004a2   Code   RO         1330    .text.HAL_TIM_PWM_ConfigChannel  stm32h7xx_hal_tim.o
    0x08006e32   0x08006e32   0x00000006   PAD
    0x08006e38   0x08006e38   0x0000019a   Code   RO         1230    .text.HAL_TIM_PWM_Init  stm32h7xx_hal_tim.o
    0x08006fd2   0x08006fd2   0x00000006   PAD
    0x08006fd8   0x08006fd8   0x00000002   Code   RO         1232    .text.HAL_TIM_PWM_MspInit  stm32h7xx_hal_tim.o
    0x08006fda   0x08006fda   0x00000006   PAD
    0x08006fe0   0x08006fe0   0x00000038   Code   RO         1673    .text.HAL_UARTEx_DisableFifoMode  stm32h7xx_hal_uart_ex.o
    0x08007018   0x08007018   0x0000006a   Code   RO         1681    .text.HAL_UARTEx_ReceiveToIdle_IT  stm32h7xx_hal_uart_ex.o
    0x08007082   0x08007082   0x00000006   PAD
    0x08007088   0x08007088   0x00000092   Code   RO           23    .text.HAL_UARTEx_RxEventCallback  main.o
    0x0800711a   0x0800711a   0x00000006   PAD
    0x08007120   0x08007120   0x00000002   Code   RO         1659    .text.HAL_UARTEx_RxFifoFullCallback  stm32h7xx_hal_uart_ex.o
    0x08007122   0x08007122   0x00000006   PAD
    0x08007128   0x08007128   0x00000090   Code   RO         1677    .text.HAL_UARTEx_SetRxFifoThreshold  stm32h7xx_hal_uart_ex.o
    0x080071b8   0x080071b8   0x00000090   Code   RO         1675    .text.HAL_UARTEx_SetTxFifoThreshold  stm32h7xx_hal_uart_ex.o
    0x08007248   0x08007248   0x00000002   Code   RO         1661    .text.HAL_UARTEx_TxFifoEmptyCallback  stm32h7xx_hal_uart_ex.o
    0x0800724a   0x0800724a   0x00000006   PAD
    0x08007250   0x08007250   0x00000002   Code   RO         1657    .text.HAL_UARTEx_WakeupCallback  stm32h7xx_hal_uart_ex.o
    0x08007252   0x08007252   0x00000006   PAD
    0x08007258   0x08007258   0x00000002   Code   RO         1597    .text.HAL_UART_ErrorCallback  stm32h7xx_hal_uart.o
    0x0800725a   0x0800725a   0x00000006   PAD
    0x08007260   0x08007260   0x00000490   Code   RO         1593    .text.HAL_UART_IRQHandler  stm32h7xx_hal_uart.o
    0x080076f0   0x080076f0   0x00000066   Code   RO         1509    .text.HAL_UART_Init  stm32h7xx_hal_uart.o
    0x08007756   0x08007756   0x00000002   PAD
    0x08007758   0x08007758   0x000000a2   Code   RO          124    .text.HAL_UART_MspInit  usart.o
    0x080077fa   0x080077fa   0x00000006   PAD
    0x08007800   0x08007800   0x00000002   Code   RO         1605    .text.HAL_UART_RxCpltCallback  stm32h7xx_hal_uart.o
    0x08007802   0x08007802   0x00000006   PAD
    0x08007808   0x08007808   0x000000ec   Code   RO         1529    .text.HAL_UART_Transmit  stm32h7xx_hal_uart.o
    0x080078f4   0x080078f4   0x00000004   PAD
    0x080078f8   0x080078f8   0x00000002   Code   RO         1601    .text.HAL_UART_TxCpltCallback  stm32h7xx_hal_uart.o
    0x080078fa   0x080078fa   0x00000006   PAD
    0x08007900   0x08007900   0x00000084   Code   RO         1884    .text.HMI_Init      hmi.o
    0x08007984   0x08007984   0x00000004   PAD
    0x08007988   0x08007988   0x00000010   Code   RO         1870    .text.HMI_send_string  hmi.o
    0x08007998   0x08007998   0x00000002   Code   RO          142    .text.HardFault_Handler  stm32h7xx_it.o
    0x0800799a   0x0800799a   0x00000006   PAD
    0x080079a0   0x080079a0   0x0000093e   Code   RO         1814    .text.Init_AD9910   ad9910.o
    0x080082de   0x080082de   0x00000002   PAD
    0x080082e0   0x080082e0   0x000000be   Code   RO           58    .text.MX_ADC1_Init  adc.o
    0x0800839e   0x0800839e   0x00000002   PAD
    0x080083a0   0x080083a0   0x00000098   Code   RO           60    .text.MX_ADC2_Init  adc.o
    0x08008438   0x08008438   0x00000054   Code   RO           82    .text.MX_DMA_Init   dma.o
    0x0800848c   0x0800848c   0x00000004   PAD
    0x08008490   0x08008490   0x00000138   Code   RO           45    .text.MX_GPIO_Init  gpio.o
    0x080085c8   0x080085c8   0x00000088   Code   RO           95    .text.MX_TIM1_Init  tim.o
    0x08008650   0x08008650   0x0000010e   Code   RO           97    .text.MX_TIM2_Init  tim.o
    0x0800875e   0x0800875e   0x00000002   PAD
    0x08008760   0x08008760   0x00000082   Code   RO          101    .text.MX_TIM3_Init  tim.o
    0x080087e2   0x080087e2   0x00000006   PAD
    0x080087e8   0x080087e8   0x00000082   Code   RO          122    .text.MX_USART3_UART_Init  usart.o
    0x0800886a   0x0800886a   0x00000006   PAD
    0x08008870   0x08008870   0x00000002   Code   RO          144    .text.MemManage_Handler  stm32h7xx_it.o
    0x08008872   0x08008872   0x00000006   PAD
    0x08008878   0x08008878   0x00000002   Code   RO          140    .text.NMI_Handler   stm32h7xx_it.o
    0x0800887a   0x0800887a   0x00000006   PAD
    0x08008880   0x08008880   0x00000002   Code   RO          154    .text.PendSV_Handler  stm32h7xx_it.o
    0x08008882   0x08008882   0x00000006   PAD
    0x08008888   0x08008888   0x00000128   Code   RO          370    .text.RCCEx_PLL2_Config  stm32h7xx_hal_rcc_ex.o
    0x080089b0   0x080089b0   0x00000128   Code   RO          372    .text.RCCEx_PLL3_Config  stm32h7xx_hal_rcc_ex.o
    0x08008ad8   0x08008ad8   0x00000002   Code   RO          150    .text.SVC_Handler   stm32h7xx_it.o
    0x08008ada   0x08008ada   0x00000006   PAD
    0x08008ae0   0x08008ae0   0x00000034   Code   RO         1727    .text.Send_Wave     tasks.o
    0x08008b14   0x08008b14   0x00000004   PAD
    0x08008b18   0x08008b18   0x0000002a   Code   RO         1719    .text.Start_ADC_DMA  tasks.o
    0x08008b42   0x08008b42   0x00000006   PAD
    0x08008b48   0x08008b48   0x00000004   Code   RO          156    .text.SysTick_Handler  stm32h7xx_it.o
    0x08008b4c   0x08008b4c   0x00000004   PAD
    0x08008b50   0x08008b50   0x000000be   Code   RO           15    .text.SystemClock_Config  main.o
    0x08008c0e   0x08008c0e   0x00000002   PAD
    0x08008c10   0x08008c10   0x000000f0   Code   RO         1699    .text.SystemInit    system_stm32h7xx.o
    0x08008d00   0x08008d00   0x000000c6   Code   RO         1816    .text.Txfrc         ad9910.o
    0x08008dc6   0x08008dc6   0x00000002   PAD
    0x08008dc8   0x08008dc8   0x00000058   Code   RO         1872    .text.UART3_Printf  hmi.o
    0x08008e20   0x08008e20   0x000000ea   Code   RO         1513    .text.UART_AdvFeatureConfig  stm32h7xx_hal_uart.o
    0x08008f0a   0x08008f0a   0x00000006   PAD
    0x08008f10   0x08008f10   0x000000c2   Code   RO         1517    .text.UART_CheckIdleState  stm32h7xx_hal_uart.o
    0x08008fd2   0x08008fd2   0x00000006   PAD
    0x08008fd8   0x08008fd8   0x0000000c   Code   RO         1595    .text.UART_DMAAbortOnError  stm32h7xx_hal_uart.o
    0x08008fe4   0x08008fe4   0x00000004   PAD
    0x08008fe8   0x08008fe8   0x000000d4   Code   RO         1635    .text.UART_RxISR_16BIT  stm32h7xx_hal_uart.o
    0x080090bc   0x080090bc   0x00000004   PAD
    0x080090c0   0x080090c0   0x000001ca   Code   RO         1631    .text.UART_RxISR_16BIT_FIFOEN  stm32h7xx_hal_uart.o
    0x0800928a   0x0800928a   0x00000006   PAD
    0x08009290   0x08009290   0x000000d4   Code   RO         1637    .text.UART_RxISR_8BIT  stm32h7xx_hal_uart.o
    0x08009364   0x08009364   0x00000004   PAD
    0x08009368   0x08009368   0x000001ce   Code   RO         1633    .text.UART_RxISR_8BIT_FIFOEN  stm32h7xx_hal_uart.o
    0x08009536   0x08009536   0x00000002   PAD
    0x08009538   0x08009538   0x0000059c   Code   RO         1515    .text.UART_SetConfig  stm32h7xx_hal_uart.o
    0x08009ad4   0x08009ad4   0x00000004   PAD
    0x08009ad8   0x08009ad8   0x00000144   Code   RO         1547    .text.UART_Start_Receive_IT  stm32h7xx_hal_uart.o
    0x08009c1c   0x08009c1c   0x00000004   PAD
    0x08009c20   0x08009c20   0x00000154   Code   RO         1531    .text.UART_WaitOnFlagUntilTimeout  stm32h7xx_hal_uart.o
    0x08009d74   0x08009d74   0x00000004   PAD
    0x08009d78   0x08009d78   0x0000000c   Code   RO          164    .text.USART3_IRQHandler  stm32h7xx_it.o
    0x08009d84   0x08009d84   0x00000004   PAD
    0x08009d88   0x08009d88   0x00000002   Code   RO         1729    .text.USART_Task    tasks.o
    0x08009d8a   0x08009d8a   0x00000006   PAD
    0x08009d90   0x08009d90   0x00000002   Code   RO          148    .text.UsageFault_Handler  stm32h7xx_it.o
    0x08009d92   0x08009d92   0x00000006   PAD
    0x08009d98   0x08009d98   0x00000044   Code   RO         1932    .text.arm_bitreversal_32_extra  arm_bitreversal2_extra.o
    0x08009ddc   0x08009ddc   0x00000004   PAD
    0x08009de0   0x08009de0   0x00000100   Code   RO         1949    .text.arm_cfft_f32_extra  arm_cfft_f32_extra.o
    0x08009ee0   0x08009ee0   0x00000188   Code   RO         1945    .text.arm_cfft_radix8by2_f32_extra  arm_cfft_f32_extra.o
    0x0800a068   0x0800a068   0x0000042e   Code   RO         1947    .text.arm_cfft_radix8by4_f32_extra  arm_cfft_f32_extra.o
    0x0800a496   0x0800a496   0x00000002   PAD
    0x0800a498   0x0800a498   0x0000011c   Code   RO         1776    .text.fft_process   fftana.o
    0x0800a5b4   0x0800a5b4   0x00000004   PAD
    0x0800a5b8   0x0800a5b8   0x00000164   Code   RO         1782    .text.get_max_3     fftana.o
    0x0800a71c   0x0800a71c   0x00000004   PAD
    0x0800a720   0x0800a720   0x00000192   Code   RO           13    .text.main          main.o
    0x0800a8b2   0x0800a8b2   0x00000006   PAD
    0x0800a8b8   0x0800a8b8   0x00000070   Code   RO         1770    .text.process_data  fftana.o
    0x0800a928   0x0800a928   0x00000040   Code   RO         1780    .text.regurlize_mag  fftana.o
    0x0800a968   0x0800a968   0x0000002c   Code   RO         2208    i.__0vsnprintf      mc_w.l(printfa.o)
    0x0800a994   0x0800a994   0x00000030   Code   RO         2337    i.__ARM_fpclassify  m_wv.l(fpclassify.o)
    0x0800a9c4   0x0800a9c4   0x00000004   PAD
    0x0800a9c8   0x0800a9c8   0x000001d4   Code   RO         2236    i.__hardfp_atan     m_wv.l(atan.o)
    0x0800ab9c   0x0800ab9c   0x00000004   PAD
    0x0800aba0   0x0800aba0   0x000001c0   Code   RO         2133    i.__hardfp_atan2    m_wv.l(atan2.o)
    0x0800ad60   0x0800ad60   0x0000003a   Code   RO         2175    i.__hardfp_sqrtf    m_wv.l(sqrtf.o)
    0x0800ad9a   0x0800ad9a   0x00000070   Code   RO         2339    i.__kernel_poly     m_wv.l(poly.o)
    0x0800ae0a   0x0800ae0a   0x00000006   Code   RO         2251    i.__mathlib_dbl_infnan  m_wv.l(dunder.o)
    0x0800ae10   0x0800ae10   0x00000006   Code   RO         2252    i.__mathlib_dbl_infnan2  m_wv.l(dunder.o)
    0x0800ae16   0x0800ae16   0x00000002   PAD
    0x0800ae18   0x0800ae18   0x00000018   Code   RO         2256    i.__mathlib_dbl_underflow  m_wv.l(dunder.o)
    0x0800ae30   0x0800ae30   0x0000000e   Code   RO         2351    i.__scatterload_copy  mc_w.l(handlers.o)
    0x0800ae3e   0x0800ae3e   0x00000002   Code   RO         2352    i.__scatterload_null  mc_w.l(handlers.o)
    0x0800ae40   0x0800ae40   0x0000000e   Code   RO         2353    i.__scatterload_zeroinit  mc_w.l(handlers.o)
    0x0800ae4e   0x0800ae4e   0x00000002   PAD
    0x0800ae50   0x0800ae50   0x0000000c   Code   RO         2317    i.__set_errno       mc_w.l(errno.o)
    0x0800ae5c   0x0800ae5c   0x00000184   Code   RO         2210    i._fp_digits        mc_w.l(printfa.o)
    0x0800afe0   0x0800afe0   0x000006dc   Code   RO         2211    i._printf_core      mc_w.l(printfa.o)
    0x0800b6bc   0x0800b6bc   0x00000024   Code   RO         2212    i._printf_post_padding  mc_w.l(printfa.o)
    0x0800b6e0   0x0800b6e0   0x0000002e   Code   RO         2213    i._printf_pre_padding  mc_w.l(printfa.o)
    0x0800b70e   0x0800b70e   0x00000016   Code   RO         2214    i._snputc           mc_w.l(printfa.o)
    0x0800b724   0x0800b724   0x00000010   Code   RO         2238    i.atan              m_wv.l(atan.o)
    0x0800b734   0x0800b734   0x00000018   Code   RO         2266    i.fabs              m_wv.l(fabs.o)
    0x0800b74c   0x0800b74c   0x00000004   PAD
    0x0800b750   0x0800b750   0x00000098   Data   RO         2239    .constdata          m_wv.l(atan.o)
    0x0800b7e8   0x0800b7e8   0x00000008   Data   RO         2286    .constdata          m_wv.l(qnan.o)
    0x0800b7f0   0x0800b7f0   0x00000010   Data   RO         1707    .rodata.D1CorePrescTable  system_stm32h7xx.o
    0x0800b800   0x0800b800   0x00000018   Data   RO         1643    .rodata.UARTPrescTable  stm32h7xx_hal_uart.o
    0x0800b818   0x0800b818   0x0000e3c0   Data   RO         1985    .rodata.armBitRevIndexTableExtra8192  arm_common_tables_extra.o
    0x08019bd8   0x08019bd8   0x00000010   Data   RO         2027    .rodata.arm_cfft_sR_f32_len8192_extra  arm_const_structs_extra.o
    0x08019be8   0x08019be8   0x00000008   Data   RO          590    .rodata.cst8        stm32h7xx_hal_dma.o
    0x08019bf0   0x08019bf0   0x00000010   Data   RO         1687    .rodata.cst8        stm32h7xx_hal_uart_ex.o
    0x08019c00   0x08019c00   0x0000000b   Data   RO         1886    .rodata.str1.1      hmi.o
    0x08019c0b   0x08019c0b   0x00000001   PAD
    0x08019c0c   0x08019c0c   0x00010000   Data   RO         1996    .rodata.twiddleCoefExtra_8192  arm_common_tables_extra.o
    0x08029c0c   0x08029c0c   0x00000020   Data   RO         2349    Region$$Table       anon$$obj.o


    Execution Region RW_IRAM1 (Exec base: 0x20000000, Load base: 0x08029c2c, Size: 0x00000000, Max: 0x00020000, ABSOLUTE)

    **** No section assigned to this execution region ****


    Execution Region RW_IRAM2 (Exec base: 0x24000000, Load base: 0x08029c30, Size: 0x00024be8, Max: 0x00080000, ABSOLUTE, COMPRESSED[0x000004a0])

    Exec Addr    Load Addr    Size         Type   Attr      Idx    E Section Name        Object

    0x24000000   COMPRESSED   0x00020200   Data   RW           30    .AXI_SRAM           main.o
    0x24020200   COMPRESSED   0x00004000   Data   RW         1798    .RAM_D1             fftana.o
    0x24024200   COMPRESSED   0x00000004   Data   RW         2318    .data               mc_w.l(errno.o)
    0x24024204   COMPRESSED   0x00000004   Data   RW         1705    .data.SystemCoreClock  system_stm32h7xx.o
    0x24024208   COMPRESSED   0x00000004   Data   RW         1706    .data.SystemD2Clock  system_stm32h7xx.o
    0x2402420c   COMPRESSED   0x00000008   Data   RW         1831    .data.profile11     ad9910.o
    0x24024214   COMPRESSED   0x00000001   Data   RW          964    .data.uwTickFreq    stm32h7xx_hal.o
    0x24024215   COMPRESSED   0x00000003   PAD
    0x24024218   COMPRESSED   0x00000004   Data   RW          963    .data.uwTickPrio    stm32h7xx_hal.o
    0x2402421c   COMPRESSED   0x00000004   PAD
    0x24024220        -       0x00000004   Zero   RW           68    .bss.HAL_RCC_ADC12_CLK_ENABLED  adc.o
    0x24024224        -       0x00000006   Zero   RW           32    .bss.Top3_Mix       main.o
    0x2402422a   COMPRESSED   0x00000002   PAD
    0x2402422c        -       0x0000000c   Zero   RW           28    .bss.Wave_noise     main.o
    0x24024238        -       0x0000000c   Zero   RW           27    .bss.Wave_origin    main.o
    0x24024244        -       0x000001f4   Zero   RW           29    .bss.aRxBuffer      main.o
    0x24024438        -       0x00000001   Zero   RW           26    .bss.adc_dma_finish  main.o
    0x24024439        -       0x00000001   Zero   RW           25    .bss.g_SystemState  main.o
    0x2402443a   COMPRESSED   0x00000002   PAD
    0x2402443c        -       0x00000064   Zero   RW           66    .bss.hadc1          adc.o
    0x240244a0        -       0x00000064   Zero   RW           67    .bss.hadc2          adc.o
    0x24024504        -       0x00000078   Zero   RW           69    .bss.hdma_adc1      adc.o
    0x2402457c        -       0x00000078   Zero   RW           70    .bss.hdma_adc2      adc.o
    0x240245f4        -       0x00000078   Zero   RW          110    .bss.hdma_tim2_up   tim.o
    0x2402466c        -       0x0000004c   Zero   RW          107    .bss.htim1          tim.o
    0x240246b8        -       0x0000004c   Zero   RW          108    .bss.htim2          tim.o
    0x24024704        -       0x0000004c   Zero   RW          109    .bss.htim3          tim.o
    0x24024750        -       0x00000094   Zero   RW          128    .bss.huart3         usart.o
    0x240247e4        -       0x00000004   Zero   RW          965    .bss.uwTick         stm32h7xx_hal.o
    0x240247e8        -       0x00000400   Zero   RW            1    STACK               startup_stm32h743xx.o


    Execution Region RW_IRAM3 (Exec base: 0x30000000, Load base: 0x0802a0d0, Size: 0x00000000, Max: 0x00004000, ABSOLUTE)

    **** No section assigned to this execution region ****


    Execution Region RW_IRAM4 (Exec base: 0x30004000, Load base: 0x0802a0d0, Size: 0x00000000, Max: 0x00004000, ABSOLUTE)

    **** No section assigned to this execution region ****


    Execution Region RW_IRAM5 (Exec base: 0x38000000, Load base: 0x0802a0d0, Size: 0x00000000, Max: 0x00004000, ABSOLUTE)

    **** No section assigned to this execution region ****


==============================================================================

Image component sizes


      Code (inc. data)   RO Data    RW Data    ZI Data      Debug   Object Name

      2648          8          0          8          0       9003   ad9910.o
       664          0          0          0        444       8702   adc.o
        68          0          0          0          0       1044   arm_bitreversal2_extra.o
      1718          0          0          0          0       6390   arm_cfft_f32_extra.o
         0          0     123840          0          0       3491   arm_common_tables_extra.o
         0          0         16          0          0       1825   arm_const_structs_extra.o
        84          0          0          0          0       5399   dma.o
       816         52          0      16384          0      11208   fftana.o
       312          0          0          0          0       3400   gpio.o
       236         56         11          0          0       3488   hmi.o
       950         28          0     131584        532      15188   main.o
        44         12        664          0       1024        844   startup_stm32h743xx.o
       282          0          0          5          4      15872   stm32h7xx_hal.o
      3122         12          0          0          0      26212   stm32h7xx_hal_adc.o
       242          0          0          0          0      27047   stm32h7xx_hal_adc_ex.o
       356          0          0          0          0      12701   stm32h7xx_hal_cortex.o
      7616         46          8          0          0      13103   stm32h7xx_hal_dma.o
       454          0          0          0          0       7097   stm32h7xx_hal_gpio.o
        32          0          0          0          0       2321   stm32h7xx_hal_msp.o
        80          0          0          0          0      11444   stm32h7xx_hal_pwr_ex.o
      2712         16          0          0          0      11913   stm32h7xx_hal_rcc.o
      5422        212          0          0          0      17467   stm32h7xx_hal_rcc_ex.o
      2686         12          0          0          0      55535   stm32h7xx_hal_tim.o
       204          0          0          0          0      22719   stm32h7xx_hal_tim_ex.o
      5396        400         24          0          0      34166   stm32h7xx_hal_uart.o
       456          0         16          0          0      10926   stm32h7xx_hal_uart_ex.o
        68          0          0          0          0       1669   stm32h7xx_it.o
       268          0         16          8          0       6438   system_stm32h7xx.o
       348         32          0          0          0       2425   tasks.o
       712          0          0          0        348       9694   tim.o
       292          0          0          0        148      11960   usart.o

    ----------------------------------------------------------------------
     38724        914     124628     147992       2508     370691   Object Totals
         0          0         32          0          0          0   (incl. Generated)
       436         28          1          3          8          0   (incl. Padding)

    ----------------------------------------------------------------------

      Code (inc. data)   RO Data    RW Data    ZI Data      Debug   Library Member Name

      2132          6          0          0          0      20483   arm_cfft_radix8_f32.o
       484         66        152          0          0        348   atan.o
       448         68          0          0          0        180   atan2.o
        36         14          0          0          0        348   dunder.o
        24          0          0          0          0        124   fabs.o
        48          0          0          0          0        124   fpclassify.o
       112          0          0          0          0        116   poly.o
         0          0          8          0          0          0   qnan.o
        58          0          0          0          0        136   sqrtf.o
        58          0          0          0          0          0   __dczerorl.o
         0          0          0          0          0          0   entry.o
         0          0          0          0          0          0   entry10a.o
         0          0          0          0          0          0   entry11a.o
         8          4          0          0          0          0   entry2.o
         4          0          0          0          0          0   entry5.o
         0          0          0          0          0          0   entry7b.o
         0          0          0          0          0          0   entry8b.o
         8          4          0          0          0          0   entry9a.o
        12          6          0          4          0         68   errno.o
        30          0          0          0          0          0   handlers.o
        36          8          0          0          0         68   init.o
         0          0          0          0          0          0   iusefp.o
        30          0          0          0          0         68   llshl.o
        36          0          0          0          0         68   llsshr.o
        32          0          0          0          0         68   llushr.o
        36          0          0          0          0        108   memseta.o
      2292         84          0          0          0        516   printfa.o
        44          0          0          0          0         80   uidiv.o
        98          0          0          0          0         92   uldiv.o
        48          0          0          0          0         68   cdrcmple.o
       334          0          0          0          0        148   dadd.o
       222          0          0          0          0        100   ddiv.o
       186          0          0          0          0        176   depilogue.o
        48          0          0          0          0         68   dfixul.o
       228          0          0          0          0         96   dmul.o
       176          0          0          0          0        140   fadd.o
       110          0          0          0          0        168   fepilogue.o
       100          0          0          0          0         76   fmul.o

    ----------------------------------------------------------------------
      7540        264        160          4          0      24035   Library Totals
        22          4          0          0          0          0   (incl. Padding)

    ----------------------------------------------------------------------

      Code (inc. data)   RO Data    RW Data    ZI Data      Debug   Library Name

      2132          6          0          0          0      20483   arm_cortexM7l_math.lib
      1210        148        160          0          0       1376   m_wv.l
      2724        106          0          4          0       1136   mc_w.l
      1452          0          0          0          0       1040   mf_w.l

    ----------------------------------------------------------------------
      7540        264        160          4          0      24035   Library Totals

    ----------------------------------------------------------------------

==============================================================================


      Code (inc. data)   RO Data    RW Data    ZI Data      Debug   

     46264       1178     124788     147996       2508     392534   Grand Totals
     46264       1178     124788       1184       2508     392534   ELF Image Totals (compressed)
     46264       1178     124788       1184          0          0   ROM Totals

==============================================================================

    Total RO  Size (Code + RO Data)               171052 ( 167.04kB)
    Total RW  Size (RW Data + ZI Data)            150504 ( 146.98kB)
    Total ROM Size (Code + RO Data + RW Data)     172236 ( 168.20kB)

==============================================================================

